Component: ARM Compiler 5.05 update 1 (build 106) Tool: armlink [4d0efa]

==============================================================================

Section Cross References

    startup_stm32f40_41xxx.o(STACK) refers (Special) to heapauxi.o(.text) for __use_two_region_memory
    startup_stm32f40_41xxx.o(HEAP) refers (Special) to heapauxi.o(.text) for __use_two_region_memory
    startup_stm32f40_41xxx.o(RESET) refers (Special) to heapauxi.o(.text) for __use_two_region_memory
    startup_stm32f40_41xxx.o(RESET) refers to startup_stm32f40_41xxx.o(STACK) for __initial_sp
    startup_stm32f40_41xxx.o(RESET) refers to startup_stm32f40_41xxx.o(.text) for Reset_Handler
    startup_stm32f40_41xxx.o(RESET) refers to stm32f4xx_it.o(i.NMI_Handler) for NMI_Handler
    startup_stm32f40_41xxx.o(RESET) refers to stm32f4xx_it.o(i.HardFault_Handler) for HardFault_Handler
    startup_stm32f40_41xxx.o(RESET) refers to stm32f4xx_it.o(i.MemManage_Handler) for MemManage_Handler
    startup_stm32f40_41xxx.o(RESET) refers to stm32f4xx_it.o(i.BusFault_Handler) for BusFault_Handler
    startup_stm32f40_41xxx.o(RESET) refers to stm32f4xx_it.o(i.UsageFault_Handler) for UsageFault_Handler
    startup_stm32f40_41xxx.o(RESET) refers to stm32f4xx_it.o(i.SVC_Handler) for SVC_Handler
    startup_stm32f40_41xxx.o(RESET) refers to stm32f4xx_it.o(i.DebugMon_Handler) for DebugMon_Handler
    startup_stm32f40_41xxx.o(RESET) refers to stm32f4xx_it.o(i.PendSV_Handler) for PendSV_Handler
    startup_stm32f40_41xxx.o(RESET) refers to stm32f4xx_it.o(i.SysTick_Handler) for SysTick_Handler
    startup_stm32f40_41xxx.o(RESET) refers to huanyu_usart.o(i.USART1_IRQHandler) for USART1_IRQHandler
    startup_stm32f40_41xxx.o(RESET) refers to huanyu_time.o(i.TIM7_IRQHandler) for TIM7_IRQHandler
    startup_stm32f40_41xxx.o(.text) refers (Special) to heapauxi.o(.text) for __use_two_region_memory
    startup_stm32f40_41xxx.o(.text) refers to system_stm32f4xx.o(i.SystemInit) for SystemInit
    startup_stm32f40_41xxx.o(.text) refers to __main.o(!!!main) for __main
    startup_stm32f40_41xxx.o(.text) refers to startup_stm32f40_41xxx.o(HEAP) for Heap_Mem
    startup_stm32f40_41xxx.o(.text) refers to startup_stm32f40_41xxx.o(STACK) for Stack_Mem
    stm32f4xx_gpio.o(i.GPIO_DeInit) refers to stm32f4xx_rcc.o(i.RCC_AHB1PeriphResetCmd) for RCC_AHB1PeriphResetCmd
    stm32f4xx_rcc.o(i.RCC_GetClocksFreq) refers to stm32f4xx_rcc.o(.data) for APBAHBPrescTable
    stm32f4xx_rcc.o(i.RCC_WaitForHSEStartUp) refers to stm32f4xx_rcc.o(i.RCC_GetFlagStatus) for RCC_GetFlagStatus
    stm32f4xx_spi.o(i.SPI_I2S_DeInit) refers to stm32f4xx_rcc.o(i.RCC_APB2PeriphResetCmd) for RCC_APB2PeriphResetCmd
    stm32f4xx_spi.o(i.SPI_I2S_DeInit) refers to stm32f4xx_rcc.o(i.RCC_APB1PeriphResetCmd) for RCC_APB1PeriphResetCmd
    stm32f4xx_tim.o(i.TIM_DeInit) refers to stm32f4xx_rcc.o(i.RCC_APB2PeriphResetCmd) for RCC_APB2PeriphResetCmd
    stm32f4xx_tim.o(i.TIM_DeInit) refers to stm32f4xx_rcc.o(i.RCC_APB1PeriphResetCmd) for RCC_APB1PeriphResetCmd
    stm32f4xx_tim.o(i.TIM_ETRClockMode1Config) refers to stm32f4xx_tim.o(i.TIM_ETRConfig) for TIM_ETRConfig
    stm32f4xx_tim.o(i.TIM_ETRClockMode2Config) refers to stm32f4xx_tim.o(i.TIM_ETRConfig) for TIM_ETRConfig
    stm32f4xx_tim.o(i.TIM_ICInit) refers to stm32f4xx_tim.o(i.TI1_Config) for TI1_Config
    stm32f4xx_tim.o(i.TIM_ICInit) refers to stm32f4xx_tim.o(i.TIM_SetIC1Prescaler) for TIM_SetIC1Prescaler
    stm32f4xx_tim.o(i.TIM_ICInit) refers to stm32f4xx_tim.o(i.TI2_Config) for TI2_Config
    stm32f4xx_tim.o(i.TIM_ICInit) refers to stm32f4xx_tim.o(i.TIM_SetIC2Prescaler) for TIM_SetIC2Prescaler
    stm32f4xx_tim.o(i.TIM_ICInit) refers to stm32f4xx_tim.o(i.TI3_Config) for TI3_Config
    stm32f4xx_tim.o(i.TIM_ICInit) refers to stm32f4xx_tim.o(i.TIM_SetIC3Prescaler) for TIM_SetIC3Prescaler
    stm32f4xx_tim.o(i.TIM_ICInit) refers to stm32f4xx_tim.o(i.TI4_Config) for TI4_Config
    stm32f4xx_tim.o(i.TIM_ICInit) refers to stm32f4xx_tim.o(i.TIM_SetIC4Prescaler) for TIM_SetIC4Prescaler
    stm32f4xx_tim.o(i.TIM_ITRxExternalClockConfig) refers to stm32f4xx_tim.o(i.TIM_SelectInputTrigger) for TIM_SelectInputTrigger
    stm32f4xx_tim.o(i.TIM_PWMIConfig) refers to stm32f4xx_tim.o(i.TI1_Config) for TI1_Config
    stm32f4xx_tim.o(i.TIM_PWMIConfig) refers to stm32f4xx_tim.o(i.TIM_SetIC1Prescaler) for TIM_SetIC1Prescaler
    stm32f4xx_tim.o(i.TIM_PWMIConfig) refers to stm32f4xx_tim.o(i.TI2_Config) for TI2_Config
    stm32f4xx_tim.o(i.TIM_PWMIConfig) refers to stm32f4xx_tim.o(i.TIM_SetIC2Prescaler) for TIM_SetIC2Prescaler
    stm32f4xx_tim.o(i.TIM_TIxExternalClockConfig) refers to stm32f4xx_tim.o(i.TI2_Config) for TI2_Config
    stm32f4xx_tim.o(i.TIM_TIxExternalClockConfig) refers to stm32f4xx_tim.o(i.TI1_Config) for TI1_Config
    stm32f4xx_tim.o(i.TIM_TIxExternalClockConfig) refers to stm32f4xx_tim.o(i.TIM_SelectInputTrigger) for TIM_SelectInputTrigger
[...]
    Removing stm32f4xx_rtc.o(i.RTC_TimeStampCmd), (56 bytes).
    Removing stm32f4xx_rtc.o(i.RTC_TimeStampOnTamperDetectionCmd), (36 bytes).
    Removing stm32f4xx_rtc.o(i.RTC_TimeStampPinSelection), (28 bytes).
    Removing stm32f4xx_rtc.o(i.RTC_TimeStructInit), (12 bytes).
    Removing stm32f4xx_rtc.o(i.RTC_WaitForSynchro), (96 bytes).
    Removing stm32f4xx_rtc.o(i.RTC_WakeUpClockConfig), (48 bytes).
    Removing stm32f4xx_rtc.o(i.RTC_WakeUpCmd), (120 bytes).
    Removing stm32f4xx_rtc.o(i.RTC_WriteBackupRegister), (28 bytes).
    Removing stm32f4xx_rtc.o(i.RTC_WriteProtectionCmd), (28 bytes).
    Removing stm32f4xx_syscfg.o(.rev16_text), (4 bytes).
    Removing stm32f4xx_syscfg.o(.revsh_text), (4 bytes).
    Removing stm32f4xx_syscfg.o(i.SYSCFG_CompensationCellCmd), (12 bytes).
    Removing stm32f4xx_syscfg.o(i.SYSCFG_DeInit), (22 bytes).
    Removing stm32f4xx_syscfg.o(i.SYSCFG_ETH_MediaInterfaceConfig), (12 bytes).
    Removing stm32f4xx_syscfg.o(i.SYSCFG_EXTILineConfig), (64 bytes).
    Removing stm32f4xx_syscfg.o(i.SYSCFG_GetCompensationCellStatus), (24 bytes).
    Removing stm32f4xx_syscfg.o(i.SYSCFG_MemoryRemapConfig), (12 bytes).
    Removing stm32f4xx_syscfg.o(i.SYSCFG_MemorySwappingBank), (12 bytes).
    Removing stm32f4xx_adc.o(.rev16_text), (4 bytes).
    Removing stm32f4xx_adc.o(.revsh_text), (4 bytes).
    Removing stm32f4xx_adc.o(i.ADC_AnalogWatchdogCmd), (20 bytes).
    Removing stm32f4xx_adc.o(i.ADC_AnalogWatchdogSingleChannelConfig), (16 bytes).
    Removing stm32f4xx_adc.o(i.ADC_AnalogWatchdogThresholdsConfig), (6 bytes).
    Removing stm32f4xx_adc.o(i.ADC_AutoInjectedConvCmd), (22 bytes).
    Removing stm32f4xx_adc.o(i.ADC_ClearFlag), (6 bytes).
    Removing stm32f4xx_adc.o(i.ADC_ClearITPendingBit), (10 bytes).
    Removing stm32f4xx_adc.o(i.ADC_CommonStructInit), (12 bytes).
    Removing stm32f4xx_adc.o(i.ADC_ContinuousModeCmd), (22 bytes).
    Removing stm32f4xx_adc.o(i.ADC_DMACmd), (22 bytes).
    Removing stm32f4xx_adc.o(i.ADC_DMARequestAfterLastTransferCmd), (22 bytes).
    Removing stm32f4xx_adc.o(i.ADC_DeInit), (22 bytes).
    Removing stm32f4xx_adc.o(i.ADC_DiscModeChannelCountConfig), (24 bytes).
    Removing stm32f4xx_adc.o(i.ADC_DiscModeCmd), (22 bytes).
    Removing stm32f4xx_adc.o(i.ADC_EOCOnEachRegularChannelCmd), (22 bytes).
    Removing stm32f4xx_adc.o(i.ADC_ExternalTrigInjectedConvConfig), (16 bytes).
    Removing stm32f4xx_adc.o(i.ADC_ExternalTrigInjectedConvEdgeConfig), (16 bytes).
    Removing stm32f4xx_adc.o(i.ADC_GetITStatus), (38 bytes).
    Removing stm32f4xx_adc.o(i.ADC_GetInjectedConversionValue), (28 bytes).
    Removing stm32f4xx_adc.o(i.ADC_GetMultiModeConversionValue), (12 bytes).
    Removing stm32f4xx_adc.o(i.ADC_GetSoftwareStartConvStatus), (20 bytes).
    Removing stm32f4xx_adc.o(i.ADC_GetSoftwareStartInjectedConvCmdStatus), (20 bytes).
    Removing stm32f4xx_adc.o(i.ADC_ITConfig), (32 bytes).
    Removing stm32f4xx_adc.o(i.ADC_InjectedChannelConfig), (130 bytes).
    Removing stm32f4xx_adc.o(i.ADC_InjectedDiscModeCmd), (22 bytes).
    Removing stm32f4xx_adc.o(i.ADC_InjectedSequencerLengthConfig), (24 bytes).
    Removing stm32f4xx_adc.o(i.ADC_MultiModeDMARequestAfterLastTransferCmd), (44 bytes).
    Removing stm32f4xx_adc.o(i.ADC_SetInjectedOffset), (20 bytes).
    Removing stm32f4xx_adc.o(i.ADC_SoftwareStartInjectedConv), (10 bytes).
    Removing stm32f4xx_adc.o(i.ADC_StructInit), (20 bytes).
    Removing stm32f4xx_adc.o(i.ADC_TempSensorVrefintCmd), (44 bytes).
    Removing stm32f4xx_adc.o(i.ADC_VBATCmd), (44 bytes).
    Removing stm32f4xx_iwdg.o(.rev16_text), (4 bytes).
    Removing stm32f4xx_iwdg.o(.revsh_text), (4 bytes).
    Removing stm32f4xx_iwdg.o(i.IWDG_GetFlagStatus), (24 bytes).
    Removing huanyu_delay.o(.rev16_text), (4 bytes).
    Removing huanyu_delay.o(.revsh_text), (4 bytes).
    Removing huanyu_led.o(.rev16_text), (4 bytes).
    Removing huanyu_led.o(.revsh_text), (4 bytes).
    Removing huanyu_sys.o(.rev16_text), (4 bytes).
    Removing huanyu_sys.o(.revsh_text), (4 bytes).
    Removing huanyu_sys.o(.emb_text), (16 bytes).
    Removing huanyu_time.o(.rev16_text), (4 bytes).
    Removing huanyu_time.o(.revsh_text), (4 bytes).
    Removing huanyu_usart.o(.rev16_text), (4 bytes).
    Removing huanyu_usart.o(.revsh_text), (4 bytes).
    Removing huanyu_usart.o(i.fputc), (28 bytes).
    Removing huanyu_usart.o(i.shanwai_send_data1), (48 bytes).
    Removing huanyu_encoder.o(.rev16_text), (4 bytes).
    Removing huanyu_encoder.o(.revsh_text), (4 bytes).
    Removing huanyu_moto.o(.rev16_text), (4 bytes).
    Removing huanyu_moto.o(.revsh_text), (4 bytes).
    Removing huanyu_pid.o(.rev16_text), (4 bytes).
    Removing huanyu_pid.o(.revsh_text), (4 bytes).
    Removing huanyu_iic.o(.rev16_text), (4 bytes).
    Removing huanyu_iic.o(.revsh_text), (4 bytes).
    Removing huanyu_mpu6050.o(.rev16_text), (4 bytes).
    Removing huanyu_mpu6050.o(.revsh_text), (4 bytes).
    Removing huanyu_mpu6050.o(i.MPU_Get_Temperature), (132 bytes).
    Removing huanyu_mpu6050.o(i.MPU_Write_Len), (96 bytes).
    Removing huanyu_charge.o(.rev16_text), (4 bytes).
    Removing huanyu_charge.o(.revsh_text), (4 bytes).
    Removing huanyu_iwdg.o(.rev16_text), (4 bytes).
    Removing huanyu_iwdg.o(.revsh_text), (4 bytes).
    Removing main.o(.rev16_text), (4 bytes).
    Removing main.o(.revsh_text), (4 bytes).
    Removing stm32f4xx_it.o(.rev16_text), (4 bytes).
    Removing stm32f4xx_it.o(.revsh_text), (4 bytes).
    Removing system_stm32f4xx.o(.rev16_text), (4 bytes).
    Removing system_stm32f4xx.o(.revsh_text), (4 bytes).
    Removing system_stm32f4xx.o(i.SystemCoreClockUpdate), (192 bytes).
    Removing system_stm32f4xx.o(.data), (20 bytes).

374 unused section(s) (total 12654 bytes) removed from the image.

==============================================================================

Image Symbol Table

    Local Symbols

    Symbol Name                              Value     Ov Type        Size  Object(Section)

    ../clib/angel/boardlib.s                 0x00000000   Number         0  boardshut.o ABSOLUTE
    ../clib/angel/boardlib.s                 0x00000000   Number         0  boardinit3.o ABSOLUTE
    ../clib/angel/boardlib.s                 0x00000000   Number         0  boardinit1.o ABSOLUTE
    ../clib/angel/boardlib.s                 0x00000000   Number         0  boardinit2.o ABSOLUTE
    ../clib/angel/handlers.s                 0x00000000   Number         0  __scatter_copy.o ABSOLUTE
    ../clib/angel/handlers.s                 0x00000000   Number         0  __scatter_zi.o ABSOLUTE
    ../clib/angel/kernel.s                   0x00000000   Number         0  __rtentry4.o ABSOLUTE
    ../clib/angel/kernel.s                   0x00000000   Number         0  rtexit2.o ABSOLUTE
    ../clib/angel/kernel.s                   0x00000000   Number         0  __rtentry.o ABSOLUTE
    ../clib/angel/kernel.s                   0x00000000   Number         0  __rtentry2.o ABSOLUTE
    ../clib/angel/kernel.s                   0x00000000   Number         0  rtexit.o ABSOLUTE
    ../clib/angel/rt.s                       0x00000000   Number         0  rt_raise.o ABSOLUTE
    ../clib/angel/scatter.s                  0x00000000   Number         0  __scatter.o ABSOLUTE
    ../clib/angel/startup.s                  0x00000000   Number         0  __main.o ABSOLUTE
    ../clib/angel/sys.s                      0x00000000   Number         0  indicate_semi.o ABSOLUTE
    ../clib/angel/sys.s                      0x00000000   Number         0  use_no_semi.o ABSOLUTE
    ../clib/angel/sys.s                      0x00000000   Number         0  sys_stackheap_outer.o ABSOLUTE
    ../clib/angel/sys.s                      0x00000000   Number         0  libspace.o ABSOLUTE
    ../clib/angel/sysapp.c                   0x00000000   Number         0  sys_wrch.o ABSOLUTE
    ../clib/angel/sysapp.c                   0x00000000   Number         0  sys_command.o ABSOLUTE
    ../clib/armsys.c                         0x00000000   Number         0  no_argv.o ABSOLUTE
    ../clib/armsys.c                         0x00000000   Number         0  argv_veneer.o ABSOLUTE
    ../clib/armsys.c                         0x00000000   Number         0  argv_veneer.o ABSOLUTE
    ../clib/armsys.c                         0x00000000   Number         0  _get_argv_nomalloc.o ABSOLUTE
    ../clib/heapalloc.c                      0x00000000   Number         0  hrguard.o ABSOLUTE
    ../clib/heapaux.c                        0x00000000   Number         0  heapauxi.o ABSOLUTE
    ../clib/libinit.s                        0x00000000   Number         0  libshutdown2.o ABSOLUTE
    ../clib/libinit.s                        0x00000000   Number         0  libinit2.o ABSOLUTE
    ../clib/libinit.s                        0x00000000   Number         0  libinit.o ABSOLUTE
    ../clib/libinit.s                        0x00000000   Number         0  libshutdown.o ABSOLUTE
    ../clib/memcpset.s                       0x00000000   Number         0  rt_memclr.o ABSOLUTE
    ../clib/memcpset.s                       0x00000000   Number         0  rt_memclr_w.o ABSOLUTE
    ../clib/signal.c                         0x00000000   Number         0  defsig_general.o ABSOLUTE
    ../clib/signal.c                         0x00000000   Number         0  defsig_exit.o ABSOLUTE
    ../clib/signal.c                         0x00000000   Number         0  defsig_rtmem_inner.o ABSOLUTE
    ../clib/signal.c                         0x00000000   Number         0  defsig_rtmem_formal.o ABSOLUTE
    ../clib/signal.c                         0x00000000   Number         0  defsig_rtmem_outer.o ABSOLUTE
    ../clib/signal.c                         0x00000000   Number         0  __raise.o ABSOLUTE
    ../clib/signal.c                         0x00000000   Number         0  defsig_abrt_inner.o ABSOLUTE
    ../clib/signal.c                         0x00000000   Number         0  defsig_fpe_inner.o ABSOLUTE
    ../clib/signal.c                         0x00000000   Number         0  defsig_rtred_inner.o ABSOLUTE
    ../clib/signal.c                         0x00000000   Number         0  defsig_stak_inner.o ABSOLUTE
    ../clib/signal.c                         0x00000000   Number         0  defsig_pvfn_inner.o ABSOLUTE
    ../clib/signal.c                         0x00000000   Number         0  defsig_cppl_inner.o ABSOLUTE
    ../clib/signal.c                         0x00000000   Number         0  defsig_segv_inner.o ABSOLUTE
    ../clib/signal.c                         0x00000000   Number         0  defsig_other.o ABSOLUTE
    ../clib/signal.s                         0x00000000   Number         0  defsig.o ABSOLUTE
    ../clib/stdlib.c                         0x00000000   Number         0  exit.o ABSOLUTE
    ../fplib/d2f.s                           0x00000000   Number         0  d2f.o ABSOLUTE
    ../fplib/daddsub.s                       0x00000000   Number         0  daddsub_clz.o ABSOLUTE
    ../fplib/ddiv.s                          0x00000000   Number         0  ddiv.o ABSOLUTE
    ../fplib/dfixu.s                         0x00000000   Number         0  dfixu.o ABSOLUTE
    ../fplib/dflt.s                          0x00000000   Number         0  dflt_clz.o ABSOLUTE
    ../fplib/dnaninf.s                       0x00000000   Number         0  dnaninf.o ABSOLUTE
    ../fplib/dretinf.s                       0x00000000   Number         0  dretinf.o ABSOLUTE
    ../fplib/fpinit.s                        0x00000000   Number         0  fpinit.o ABSOLUTE
    ../fplib/fretinf.s                       0x00000000   Number         0  fretinf.o ABSOLUTE
    ../fplib/usenofp.s                       0x00000000   Number         0  usenofp.o ABSOLUTE
    ../mathlib/fabs.c                        0x00000000   Number         0  fabs.o ABSOLUTE
    ..\CORE\startup_stm32f40_41xxx.s         0x00000000   Number         0  startup_stm32f40_41xxx.o ABSOLUTE
    ..\FWLIB\src\misc.c                      0x00000000   Number         0  misc.o ABSOLUTE
    ..\FWLIB\src\stm32f4xx_adc.c             0x00000000   Number         0  stm32f4xx_adc.o ABSOLUTE
    ..\FWLIB\src\stm32f4xx_dma.c             0x00000000   Number         0  stm32f4xx_dma.o ABSOLUTE
    ..\FWLIB\src\stm32f4xx_exti.c            0x00000000   Number         0  stm32f4xx_exti.o ABSOLUTE
    ..\FWLIB\src\stm32f4xx_gpio.c            0x00000000   Number         0  stm32f4xx_gpio.o ABSOLUTE
    ..\FWLIB\src\stm32f4xx_iwdg.c            0x00000000   Number         0  stm32f4xx_iwdg.o ABSOLUTE
    ..\FWLIB\src\stm32f4xx_rcc.c             0x00000000   Number         0  stm32f4xx_rcc.o ABSOLUTE
    ..\FWLIB\src\stm32f4xx_rtc.c             0x00000000   Number         0  stm32f4xx_rtc.o ABSOLUTE
    ..\FWLIB\src\stm32f4xx_spi.c             0x00000000   Number         0  stm32f4xx_spi.o ABSOLUTE
    ..\FWLIB\src\stm32f4xx_syscfg.c          0x00000000   Number         0  stm32f4xx_syscfg.o ABSOLUTE
    ..\FWLIB\src\stm32f4xx_tim.c             0x00000000   Number         0  stm32f4xx_tim.o ABSOLUTE
    ..\FWLIB\src\stm32f4xx_usart.c           0x00000000   Number         0  stm32f4xx_usart.o ABSOLUTE
    ..\FWLIB\src\stm32f4xx_wwdg.c            0x00000000   Number         0  stm32f4xx_wwdg.o ABSOLUTE
    ..\HARDWARE\Chrg\Huanyu_charge.c         0x00000000   Number         0  huanyu_charge.o ABSOLUTE
    ..\HARDWARE\Delay\Huanyu_delay.c         0x00000000   Number         0  huanyu_delay.o ABSOLUTE
    ..\HARDWARE\Encoder\Huanyu_encoder.c     0x00000000   Number         0  huanyu_encoder.o ABSOLUTE
    ..\HARDWARE\IIc\Huanyu_iic.c             0x00000000   Number         0  huanyu_iic.o ABSOLUTE
    ..\HARDWARE\Iwdg\Huanyu_iwdg.c           0x00000000   Number         0  huanyu_iwdg.o ABSOLUTE
    ..\HARDWARE\Led\Huanyu_led.c             0x00000000   Number         0  huanyu_led.o ABSOLUTE
    ..\HARDWARE\Moto\Huanyu_moto.c           0x00000000   Number         0  huanyu_moto.o ABSOLUTE
    ..\HARDWARE\Mpu\Huanyu_mpu6050.c         0x00000000   Number         0  huanyu_mpu6050.o ABSOLUTE
    ..\HARDWARE\Sys\Huanyu_sys.c             0x00000000   Number         0  huanyu_sys.o ABSOLUTE
    ..\HARDWARE\Times\Huanyu_time.c          0x00000000   Number         0  huanyu_time.o ABSOLUTE
    ..\HARDWARE\Usart\Huanyu_usart.c         0x00000000   Number         0  huanyu_usart.o ABSOLUTE
    ..\HARDWARE\pid\Huanyu_pid.c             0x00000000   Number         0  huanyu_pid.o ABSOLUTE
    ..\\FWLIB\\src\\misc.c                   0x00000000   Number         0  misc.o ABSOLUTE
    ..\\FWLIB\\src\\stm32f4xx_adc.c          0x00000000   Number         0  stm32f4xx_adc.o ABSOLUTE
    ..\\FWLIB\\src\\stm32f4xx_dma.c          0x00000000   Number         0  stm32f4xx_dma.o ABSOLUTE
    ..\\FWLIB\\src\\stm32f4xx_exti.c         0x00000000   Number         0  stm32f4xx_exti.o ABSOLUTE
    ..\\FWLIB\\src\\stm32f4xx_gpio.c         0x00000000   Number         0  stm32f4xx_gpio.o ABSOLUTE
    ..\\FWLIB\\src\\stm32f4xx_iwdg.c         0x00000000   Number         0  stm32f4xx_iwdg.o ABSOLUTE
    ..\\FWLIB\\src\\stm32f4xx_rcc.c          0x00000000   Number         0  stm32f4xx_rcc.o ABSOLUTE
    ..\\FWLIB\\src\\stm32f4xx_rtc.c          0x00000000   Number         0  stm32f4xx_rtc.o ABSOLUTE
    ..\\FWLIB\\src\\stm32f4xx_spi.c          0x00000000   Number         0  stm32f4xx_spi.o ABSOLUTE
    ..\\FWLIB\\src\\stm32f4xx_syscfg.c       0x00000000   Number         0  stm32f4xx_syscfg.o ABSOLUTE
    ..\\FWLIB\\src\\stm32f4xx_tim.c          0x00000000   Number         0  stm32f4xx_tim.o ABSOLUTE
    ..\\FWLIB\\src\\stm32f4xx_usart.c        0x00000000   Number         0  stm32f4xx_usart.o ABSOLUTE
    ..\\FWLIB\\src\\stm32f4xx_wwdg.c         0x00000000   Number         0  stm32f4xx_wwdg.o ABSOLUTE
    ..\\HARDWARE\\Chrg\\Huanyu_charge.c      0x00000000   Number         0  huanyu_charge.o ABSOLUTE
    ..\\HARDWARE\\Delay\\Huanyu_delay.c      0x00000000   Number         0  huanyu_delay.o ABSOLUTE
    ..\\HARDWARE\\Encoder\\Huanyu_encoder.c  0x00000000   Number         0  huanyu_encoder.o ABSOLUTE
    ..\\HARDWARE\\IIc\\Huanyu_iic.c          0x00000000   Number         0  huanyu_iic.o ABSOLUTE
    ..\\HARDWARE\\Iwdg\\Huanyu_iwdg.c        0x00000000   Number         0  huanyu_iwdg.o ABSOLUTE
    ..\\HARDWARE\\Led\\Huanyu_led.c          0x00000000   Number         0  huanyu_led.o ABSOLUTE
    ..\\HARDWARE\\Moto\\Huanyu_moto.c        0x00000000   Number         0  huanyu_moto.o ABSOLUTE
    ..\\HARDWARE\\Mpu\\Huanyu_mpu6050.c      0x00000000   Number         0  huanyu_mpu6050.o ABSOLUTE
    ..\\HARDWARE\\Sys\\Huanyu_sys.c          0x00000000   Number         0  huanyu_sys.o ABSOLUTE
    ..\\HARDWARE\\Times\\Huanyu_time.c       0x00000000   Number         0  huanyu_time.o ABSOLUTE
    ..\\HARDWARE\\Usart\\Huanyu_usart.c      0x00000000   Number         0  huanyu_usart.o ABSOLUTE
    ..\\HARDWARE\\pid\\Huanyu_pid.c          0x00000000   Number         0  huanyu_pid.o ABSOLUTE
    dc.s                                     0x00000000   Number         0  dc.o ABSOLUTE
    main.c                                   0x00000000   Number         0  main.o ABSOLUTE
    main.c                                   0x00000000   Number         0  main.o ABSOLUTE
    stm32f4xx_it.c                           0x00000000   Number         0  stm32f4xx_it.o ABSOLUTE
    stm32f4xx_it.c                           0x00000000   Number         0  stm32f4xx_it.o ABSOLUTE
    system_stm32f4xx.c                       0x00000000   Number         0  system_stm32f4xx.o ABSOLUTE
    system_stm32f4xx.c                       0x00000000   Number         0  system_stm32f4xx.o ABSOLUTE
    RESET                                    0x08000000   Section      392  startup_stm32f40_41xxx.o(RESET)
    !!!main                                  0x08000188   Section        8  __main.o(!!!main)
    !!!scatter                               0x08000190   Section       52  __scatter.o(!!!scatter)
    !!handler_copy                           0x080001c4   Section       26  __scatter_copy.o(!!handler_copy)
    !!handler_zi                             0x080001e0   Section       28  __scatter_zi.o(!!handler_zi)
    .ARM.Collect$$libinit$$00000000          0x080001fc   Section        2  libinit.o(.ARM.Collect$$libinit$$00000000)
    .ARM.Collect$$libinit$$00000001          0x080001fe   Section        4  libinit2.o(.ARM.Collect$$libinit$$00000001)
    .ARM.Collect$$libinit$$00000004          0x08000202   Section        0  libinit2.o(.ARM.Collect$$libinit$$00000004)
    .ARM.Collect$$libinit$$0000000A          0x08000202   Section        0  libinit2.o(.ARM.Collect$$libinit$$0000000A)
    .ARM.Collect$$libinit$$0000000C          0x08000202   Section        0  libinit2.o(.ARM.Collect$$libinit$$0000000C)
    .ARM.Collect$$libinit$$0000000E          0x08000202   Section        0  libinit2.o(.ARM.Collect$$libinit$$0000000E)
    .ARM.Collect$$libinit$$00000011          0x08000202   Section        0  libinit2.o(.ARM.Collect$$libinit$$00000011)
    .ARM.Collect$$libinit$$00000013          0x08000202   Section        0  libinit2.o(.ARM.Collect$$libinit$$00000013)
    .ARM.Collect$$libinit$$00000015          0x08000202   Section        0  libinit2.o(.ARM.Collect$$libinit$$00000015)
    .ARM.Collect$$libinit$$00000017          0x08000202   Section        0  libinit2.o(.ARM.Collect$$libinit$$00000017)
    .ARM.Collect$$libinit$$00000019          0x08000202   Section        0  libinit2.o(.ARM.Collect$$libinit$$00000019)
    .ARM.Collect$$libinit$$0000001B          0x08000202   Section        0  libinit2.o(.ARM.Collect$$libinit$$0000001B)
    .ARM.Collect$$libinit$$0000001D          0x08000202   Section        0  libinit2.o(.ARM.Collect$$libinit$$0000001D)
    .ARM.Collect$$libinit$$0000001F          0x08000202   Section        0  libinit2.o(.ARM.Collect$$libinit$$0000001F)
    .ARM.Collect$$libinit$$00000021          0x08000202   Section        0  libinit2.o(.ARM.Collect$$libinit$$00000021)
    .ARM.Collect$$libinit$$00000023          0x08000202   Section        0  libinit2.o(.ARM.Collect$$libinit$$00000023)
    .ARM.Collect$$libinit$$00000025          0x08000202   Section        0  libinit2.o(.ARM.Collect$$libinit$$00000025)
    .ARM.Collect$$libinit$$0000002C          0x08000202   Section        0  libinit2.o(.ARM.Collect$$libinit$$0000002C)
    .ARM.Collect$$libinit$$0000002E          0x08000202   Section        0  libinit2.o(.ARM.Collect$$libinit$$0000002E)
    .ARM.Collect$$libinit$$00000030          0x08000202   Section        0  libinit2.o(.ARM.Collect$$libinit$$00000030)
    .ARM.Collect$$libinit$$00000032          0x08000202   Section        0  libinit2.o(.ARM.Collect$$libinit$$00000032)
    .ARM.Collect$$libinit$$00000033          0x08000202   Section        2  libinit2.o(.ARM.Collect$$libinit$$00000033)
    .ARM.Collect$$libshutdown$$00000000      0x08000204   Section        2  libshutdown.o(.ARM.Collect$$libshutdown$$00000000)
    .ARM.Collect$$libshutdown$$00000003      0x08000206   Section        0  libshutdown2.o(.ARM.Collect$$libshutdown$$00000003)
    .ARM.Collect$$libshutdown$$00000006      0x08000206   Section        0  libshutdown2.o(.ARM.Collect$$libshutdown$$00000006)
    .ARM.Collect$$libshutdown$$00000009      0x08000206   Section        0  libshutdown2.o(.ARM.Collect$$libshutdown$$00000009)
    .ARM.Collect$$libshutdown$$0000000B      0x08000206   Section        0  libshutdown2.o(.ARM.Collect$$libshutdown$$0000000B)
    .ARM.Collect$$libshutdown$$0000000E      0x08000206   Section        0  libshutdown2.o(.ARM.Collect$$libshutdown$$0000000E)
    .ARM.Collect$$libshutdown$$0000000F      0x08000206   Section        2  libshutdown2.o(.ARM.Collect$$libshutdown$$0000000F)
    .ARM.Collect$$rtentry$$00000000          0x08000208   Section        0  __rtentry.o(.ARM.Collect$$rtentry$$00000000)
    .ARM.Collect$$rtentry$$00000002          0x08000208   Section        0  __rtentry2.o(.ARM.Collect$$rtentry$$00000002)
    .ARM.Collect$$rtentry$$00000004          0x08000208   Section        6  __rtentry4.o(.ARM.Collect$$rtentry$$00000004)
    .ARM.Collect$$rtentry$$00000009          0x0800020e   Section        0  __rtentry2.o(.ARM.Collect$$rtentry$$00000009)
    .ARM.Collect$$rtentry$$0000000A          0x0800020e   Section        4  __rtentry2.o(.ARM.Collect$$rtentry$$0000000A)
    .ARM.Collect$$rtentry$$0000000C          0x08000212   Section        0  __rtentry2.o(.ARM.Collect$$rtentry$$0000000C)
    .ARM.Collect$$rtentry$$0000000D          0x08000212   Section        8  __rtentry2.o(.ARM.Collect$$rtentry$$0000000D)
    .ARM.Collect$$rtexit$$00000000           0x0800021a   Section        2  rtexit.o(.ARM.Collect$$rtexit$$00000000)
    .ARM.Collect$$rtexit$$00000002           0x0800021c   Section        0  rtexit2.o(.ARM.Collect$$rtexit$$00000002)
    .ARM.Collect$$rtexit$$00000003           0x0800021c   Section        4  rtexit2.o(.ARM.Collect$$rtexit$$00000003)
    .ARM.Collect$$rtexit$$00000004           0x08000220   Section        6  rtexit2.o(.ARM.Collect$$rtexit$$00000004)
    .text                                    0x08000228   Section       64  startup_stm32f40_41xxx.o(.text)
    $v0                                      0x08000228   Number         0  startup_stm32f40_41xxx.o(.text)
    .text                                    0x08000268   Section       68  rt_memclr.o(.text)
    .text                                    0x080002ac   Section       78  rt_memclr_w.o(.text)
    .text                                    0x080002fa   Section        0  heapauxi.o(.text)
    .text                                    0x08000300   Section       74  sys_stackheap_outer.o(.text)
    .text                                    0x0800034a   Section        0  exit.o(.text)
    .text                                    0x08000358   Section        8  libspace.o(.text)
    i.ADC_Cmd                                0x08000360   Section        0  stm32f4xx_adc.o(i.ADC_Cmd)
    i.ADC_CommonInit                         0x08000378   Section        0  stm32f4xx_adc.o(i.ADC_CommonInit)
    i.ADC_GetConversionValue                 0x080003a8   Section        0  stm32f4xx_adc.o(i.ADC_GetConversionValue)
    i.ADC_GetFlagStatus                      0x080003b0   Section        0  stm32f4xx_adc.o(i.ADC_GetFlagStatus)
    i.ADC_Init                               0x080003c4   Section        0  stm32f4xx_adc.o(i.ADC_Init)
    i.ADC_RegularChannelConfig               0x08000418   Section        0  stm32f4xx_adc.o(i.ADC_RegularChannelConfig)
    i.ADC_SoftwareStartConv                  0x080004d0   Section        0  stm32f4xx_adc.o(i.ADC_SoftwareStartConv)
    i.BaseBoard_TIM7_Init                    0x080004dc   Section        0  huanyu_time.o(i.BaseBoard_TIM7_Init)
    i.BusFault_Handler                       0x08000538   Section        0  stm32f4xx_it.o(i.BusFault_Handler)
    i.DebugMon_Handler                       0x0800053c   Section        0  stm32f4xx_it.o(i.DebugMon_Handler)
    i.GPIO_Init                              0x0800053e   Section        0  stm32f4xx_gpio.o(i.GPIO_Init)
    i.GPIO_PinAFConfig                       0x080005ce   Section        0  stm32f4xx_gpio.o(i.GPIO_PinAFConfig)
    i.HardFault_Handler                      0x08000614   Section        0  stm32f4xx_it.o(i.HardFault_Handler)
    i.HuanyuMoto_PWM_Init                    0x08000618   Section        0  huanyu_moto.o(i.HuanyuMoto_PWM_Init)
    i.Huanyu_BAT_Show                        0x08000764   Section        0  huanyu_led.o(i.Huanyu_BAT_Show)
    i.Huanyu_BEEP_init                       0x080008a4   Section        0  huanyu_led.o(i.Huanyu_BEEP_init)
    i.Huanyu_Charge_configure                0x080008dc   Section        0  huanyu_charge.o(i.Huanyu_Charge_configure)
    i.Huanyu_Get_Adc                         0x08000980   Section        0  huanyu_charge.o(i.Huanyu_Get_Adc)
    i.Huanyu_IIC_Init                        0x080009b0   Section        0  huanyu_iic.o(i.Huanyu_IIC_Init)
    i.Huanyu_IWDG_Feed                       0x080009fc   Section        0  huanyu_iwdg.o(i.Huanyu_IWDG_Feed)
    i.Huanyu_IWDG_Init                       0x08000a04   Section        0  huanyu_iwdg.o(i.Huanyu_IWDG_Init)
    i.Huanyu_LED_init                        0x08000a28   Section        0  huanyu_led.o(i.Huanyu_LED_init)
    i.Huanyu_MPU_Init                        0x08000a80   Section        0  huanyu_mpu6050.o(i.Huanyu_MPU_Init)
    i.Huanyu_PWM_Output                      0x08000afc   Section        0  huanyu_moto.o(i.Huanyu_PWM_Output)
    i.Huanyu_SendTo_UbuntuPC                 0x08000bfc   Section        0  huanyu_usart.o(i.Huanyu_SendTo_UbuntuPC)
    i.Huanyu_Usart1_Init                     0x08000cb8   Section        0  huanyu_usart.o(i.Huanyu_Usart1_Init)
    i.Huanyu_delay_init                      0x08000d64   Section        0  huanyu_delay.o(i.Huanyu_delay_init)
    i.Huanyu_moto_Control_speed              0x08000da0   Section        0  huanyu_pid.o(i.Huanyu_moto_Control_speed)
    i.IIC_Ack                                0x08000f60   Section        0  huanyu_iic.o(i.IIC_Ack)
    i.IIC_NAck                               0x08000fb0   Section        0  huanyu_iic.o(i.IIC_NAck)
    i.IIC_Read_Byte                          0x08001000   Section        0  huanyu_iic.o(i.IIC_Read_Byte)
    i.IIC_Send_Byte                          0x0800106c   Section        0  huanyu_iic.o(i.IIC_Send_Byte)
    i.IIC_Start                              0x080010d4   Section        0  huanyu_iic.o(i.IIC_Start)
    i.IIC_Stop                               0x08001120   Section        0  huanyu_iic.o(i.IIC_Stop)
    i.IIC_Wait_Ack                           0x0800116c   Section        0  huanyu_iic.o(i.IIC_Wait_Ack)
    i.IWDG_Enable                            0x080011cc   Section        0  stm32f4xx_iwdg.o(i.IWDG_Enable)
    i.IWDG_ReloadCounter                     0x080011dc   Section        0  stm32f4xx_iwdg.o(i.IWDG_ReloadCounter)
    i.IWDG_SetPrescaler                      0x080011ec   Section        0  stm32f4xx_iwdg.o(i.IWDG_SetPrescaler)
    i.IWDG_SetReload                         0x080011f8   Section        0  stm32f4xx_iwdg.o(i.IWDG_SetReload)
    i.IWDG_WriteAccessCmd                    0x08001204   Section        0  stm32f4xx_iwdg.o(i.IWDG_WriteAccessCmd)
    i.Kinematics_Positive                    0x08001210   Section        0  huanyu_usart.o(i.Kinematics_Positive)
    i.LeftMoto_Encoder_Input_init            0x080012a0   Section        0  huanyu_encoder.o(i.LeftMoto_Encoder_Input_init)
    i.MPU_Get_Accelerometer                  0x08001308   Section        0  huanyu_mpu6050.o(i.MPU_Get_Accelerometer)
    i.MPU_Get_Gyroscope                      0x08001350   Section        0  huanyu_mpu6050.o(i.MPU_Get_Gyroscope)
    i.MPU_Read_Byte                          0x08001398   Section        0  huanyu_mpu6050.o(i.MPU_Read_Byte)
    i.MPU_Read_Len                           0x080013d2   Section        0  huanyu_mpu6050.o(i.MPU_Read_Len)
    i.MPU_Set_Accel_Fsr                      0x08001446   Section        0  huanyu_mpu6050.o(i.MPU_Set_Accel_Fsr)
    i.MPU_Set_Gyro_Fsr                       0x08001456   Section        0  huanyu_mpu6050.o(i.MPU_Set_Gyro_Fsr)
    i.MPU_Set_LPF                            0x08001466   Section        0  huanyu_mpu6050.o(i.MPU_Set_LPF)
    i.MPU_Set_Rate                           0x080014a0   Section        0  huanyu_mpu6050.o(i.MPU_Set_Rate)
    i.MPU_Write_Byte                         0x080014da   Section        0  huanyu_mpu6050.o(i.MPU_Write_Byte)
    i.MemManage_Handler                      0x0800151e   Section        0  stm32f4xx_it.o(i.MemManage_Handler)
    i.NMI_Handler                            0x08001522   Section        0  stm32f4xx_it.o(i.NMI_Handler)
    i.NVIC_Init                              0x08001524   Section        0  misc.o(i.NVIC_Init)
    i.NVIC_PriorityGroupConfig               0x0800159c   Section        0  misc.o(i.NVIC_PriorityGroupConfig)
    i.PendSV_Handler                         0x080015b0   Section        0  stm32f4xx_it.o(i.PendSV_Handler)
    i.RCC_AHB1PeriphClockCmd                 0x080015b4   Section        0  stm32f4xx_rcc.o(i.RCC_AHB1PeriphClockCmd)
    i.RCC_APB1PeriphClockCmd                 0x080015d4   Section        0  stm32f4xx_rcc.o(i.RCC_APB1PeriphClockCmd)
    i.RCC_APB2PeriphClockCmd                 0x080015f4   Section        0  stm32f4xx_rcc.o(i.RCC_APB2PeriphClockCmd)
    i.RCC_APB2PeriphResetCmd                 0x08001614   Section        0  stm32f4xx_rcc.o(i.RCC_APB2PeriphResetCmd)
    i.RCC_GetClocksFreq                      0x08001634   Section        0  stm32f4xx_rcc.o(i.RCC_GetClocksFreq)
    i.RightMoto_Encoder_Input_init           0x0800171c   Section        0  huanyu_encoder.o(i.RightMoto_Encoder_Input_init)
    i.Robot_Encoder_Get_CNT                  0x08001784   Section        0  huanyu_encoder.o(i.Robot_Encoder_Get_CNT)
    i.Robot_Encoder_Start                    0x0800181c   Section        0  huanyu_encoder.o(i.Robot_Encoder_Start)
    i.SVC_Handler                            0x08001834   Section        0  stm32f4xx_it.o(i.SVC_Handler)
    i.SetSysClock                            0x08001838   Section        0  system_stm32f4xx.o(i.SetSysClock)
    SetSysClock                              0x08001839   Thumb Code   220  system_stm32f4xx.o(i.SetSysClock)
    i.SysTick_CLKSourceConfig                0x08001924   Section        0  misc.o(i.SysTick_CLKSourceConfig)
    i.SysTick_Handler                        0x0800194c   Section        0  stm32f4xx_it.o(i.SysTick_Handler)
    i.SystemInit                             0x08001950   Section        0  system_stm32f4xx.o(i.SystemInit)
    i.TIM7_IRQHandler                        0x080019b8   Section        0  huanyu_time.o(i.TIM7_IRQHandler)
    i.TIM_ARRPreloadConfig                   0x08001a68   Section        0  stm32f4xx_tim.o(i.TIM_ARRPreloadConfig)
    i.TIM_BDTRConfig                         0x08001a80   Section        0  stm32f4xx_tim.o(i.TIM_BDTRConfig)
    i.TIM_ClearITPendingBit                  0x08001aa0   Section        0  stm32f4xx_tim.o(i.TIM_ClearITPendingBit)
    i.TIM_Cmd                                0x08001aa6   Section        0  stm32f4xx_tim.o(i.TIM_Cmd)
    i.TIM_CtrlPWMOutputs                     0x08001abe   Section        0  stm32f4xx_tim.o(i.TIM_CtrlPWMOutputs)
    i.TIM_EncoderInterfaceConfig             0x08001adc   Section        0  stm32f4xx_tim.o(i.TIM_EncoderInterfaceConfig)
    i.TIM_GetITStatus                        0x08001b1e   Section        0  stm32f4xx_tim.o(i.TIM_GetITStatus)
    i.TIM_ITConfig                           0x08001b40   Section        0  stm32f4xx_tim.o(i.TIM_ITConfig)
    i.TIM_OC1Init                            0x08001b54   Section        0  stm32f4xx_tim.o(i.TIM_OC1Init)
    i.TIM_OC1PreloadConfig                   0x08001bd0   Section        0  stm32f4xx_tim.o(i.TIM_OC1PreloadConfig)
    i.TIM_OC2Init                            0x08001be4   Section        0  stm32f4xx_tim.o(i.TIM_OC2Init)
    i.TIM_OC2PreloadConfig                   0x08001c88   Section        0  stm32f4xx_tim.o(i.TIM_OC2PreloadConfig)
    i.TIM_OC3Init                            0x08001ca4   Section        0  stm32f4xx_tim.o(i.TIM_OC3Init)
    i.TIM_OC3PreloadConfig                   0x08001d44   Section        0  stm32f4xx_tim.o(i.TIM_OC3PreloadConfig)
    i.TIM_OC4Init                            0x08001d58   Section        0  stm32f4xx_tim.o(i.TIM_OC4Init)
    i.TIM_OC4PreloadConfig                   0x08001dd0   Section        0  stm32f4xx_tim.o(i.TIM_OC4PreloadConfig)
    i.TIM_SetCompare1                        0x08001dea   Section        0  stm32f4xx_tim.o(i.TIM_SetCompare1)
    i.TIM_SetCompare2                        0x08001dee   Section        0  stm32f4xx_tim.o(i.TIM_SetCompare2)
    i.TIM_SetCompare3                        0x08001df2   Section        0  stm32f4xx_tim.o(i.TIM_SetCompare3)
    i.TIM_SetCompare4                        0x08001df6   Section        0  stm32f4xx_tim.o(i.TIM_SetCompare4)
    i.TIM_TimeBaseInit                       0x08001dfc   Section        0  stm32f4xx_tim.o(i.TIM_TimeBaseInit)
    i.USART1_IRQHandler                      0x08001e80   Section        0  huanyu_usart.o(i.USART1_IRQHandler)
    i.USART1_SendChar                        0x08001efc   Section        0  huanyu_usart.o(i.USART1_SendChar)
    i.USART_Cmd                              0x08001f1c   Section        0  stm32f4xx_usart.o(i.USART_Cmd)
    i.USART_GetFlagStatus                    0x08001f34   Section        0  stm32f4xx_usart.o(i.USART_GetFlagStatus)
    i.USART_GetITStatus                      0x08001f4e   Section        0  stm32f4xx_usart.o(i.USART_GetITStatus)
    i.USART_ITConfig                         0x08001fa2   Section        0  stm32f4xx_usart.o(i.USART_ITConfig)
    i.USART_Init                             0x08001fec   Section        0  stm32f4xx_usart.o(i.USART_Init)
    i.USART_ReceiveData                      0x080020c0   Section        0  stm32f4xx_usart.o(i.USART_ReceiveData)
    i.USART_SendData                         0x080020ca   Section        0  stm32f4xx_usart.o(i.USART_SendData)
    i.UsageFault_Handler                     0x080020d2   Section        0  stm32f4xx_it.o(i.UsageFault_Handler)
    i.__hardfp_fabs                          0x080020d6   Section        0  fabs.o(i.__hardfp_fabs)
    i._sys_exit                              0x080020ea   Section        0  huanyu_usart.o(i._sys_exit)
    i.delay_ms                               0x080020ee   Section        0  huanyu_delay.o(i.delay_ms)
    i.delay_us                               0x08002128   Section        0  huanyu_delay.o(i.delay_us)
    i.delay_xms                              0x08002174   Section        0  huanyu_delay.o(i.delay_xms)
    i.main                                   0x080021c0   Section        0  main.o(i.main)
    x$fpl$dfixu                              0x080022b4   Section       90  dfixu.o(x$fpl$dfixu)
    $v0                                      0x080022b4   Number         0  dfixu.o(x$fpl$dfixu)
    x$fpl$dflt                               0x0800230e   Section       46  dflt_clz.o(x$fpl$dflt)
    $v0                                      0x0800230e   Number         0  dflt_clz.o(x$fpl$dflt)
    x$fpl$dnaninf                            0x0800233c   Section      156  dnaninf.o(x$fpl$dnaninf)
    $v0                                      0x0800233c   Number         0  dnaninf.o(x$fpl$dnaninf)
    x$fpl$fpinit                             0x080023d8   Section       10  fpinit.o(x$fpl$fpinit)
    $v0                                      0x080023d8   Number         0  fpinit.o(x$fpl$fpinit)
    x$fpl$usenofp                            0x080023e2   Section        0  usenofp.o(x$fpl$usenofp)
    .data                                    0x20000000   Section       16  stm32f4xx_rcc.o(.data)
    APBAHBPrescTable                         0x20000000   Data          16  stm32f4xx_rcc.o(.data)
    .data                                    0x20000010   Section        4  huanyu_delay.o(.data)
    fac_us                                   0x20000010   Data           1  huanyu_delay.o(.data)
    fac_ms                                   0x20000012   Data           2  huanyu_delay.o(.data)
    .data                                    0x20000014   Section        4  huanyu_time.o(.data)
    .data                                    0x20000018   Section        5  huanyu_usart.o(.data)
    .bss                                     0x20000020   Section       84  huanyu_usart.o(.bss)
    .bss                                     0x20000074   Section       48  huanyu_moto.o(.bss)
    .bss                                     0x200000a4   Section       96  libspace.o(.bss)
    HEAP                                     0x20000108   Section      512  startup_stm32f40_41xxx.o(HEAP)
    Heap_Mem                                 0x20000108   Data         512  startup_stm32f40_41xxx.o(HEAP)
    STACK                                    0x20000308   Section     1024  startup_stm32f40_41xxx.o(STACK)
    Stack_Mem                                0x20000308   Data        1024  startup_stm32f40_41xxx.o(STACK)
    __initial_sp                             0x20000708   Data           0  startup_stm32f40_41xxx.o(STACK)

    Global Symbols

    Symbol Name                              Value     Ov Type        Size  Object(Section)

    BuildAttributes$$THM_ISAv4$E$P$D$K$B$S$7EM$VFPi3$EXTD16$VFPS$VFMA$PE$A:L22UL41UL21$X:L11$S22US41US21$IEEE1$IW$USESV6$~STKCKD$USESV7$~SHL$OTIME$ROPI$IEEEJ$EBA8$UX$STANDARDLIB$REQ8$PRES8$EABIv2 0x00000000   Number         0  anon$$obj.o ABSOLUTE
    __ARM_use_no_argv                        0x00000000   Number         0  main.o ABSOLUTE
    __ARM_exceptions_init                     - Undefined Weak Reference
    __alloca_initialize                       - Undefined Weak Reference
    __arm_preinit_                            - Undefined Weak Reference
    __cpp_initialize__aeabi_                  - Undefined Weak Reference
    __cxa_finalize                            - Undefined Weak Reference
    __rt_locale                               - Undefined Weak Reference
    __sigvec_lookup                           - Undefined Weak Reference
    _atexit_init                              - Undefined Weak Reference
    _call_atexit_fns                          - Undefined Weak Reference
    _clock_init                               - Undefined Weak Reference
    _fp_trap_init                             - Undefined Weak Reference
    _fp_trap_shutdown                         - Undefined Weak Reference
    _get_lc_collate                           - Undefined Weak Reference
    _get_lc_ctype                             - Undefined Weak Reference
    _get_lc_monetary                          - Undefined Weak Reference
    _get_lc_numeric                           - Undefined Weak Reference
    _get_lc_time                              - Undefined Weak Reference
    _getenv_init                              - Undefined Weak Reference
    _handle_redirection                       - Undefined Weak Reference
    _init_alloc                               - Undefined Weak Reference
    _init_user_alloc                          - Undefined Weak Reference
    _initio                                   - Undefined Weak Reference
    _rand_init                                - Undefined Weak Reference
    _signal_finish                            - Undefined Weak Reference
    _signal_init                              - Undefined Weak Reference
    _terminate_alloc                          - Undefined Weak Reference
    _terminate_user_alloc                     - Undefined Weak Reference
    _terminateio                              - Undefined Weak Reference
    __Vectors_Size                           0x00000188   Number         0  startup_stm32f40_41xxx.o ABSOLUTE
    __Vectors                                0x08000000   Data           4  startup_stm32f40_41xxx.o(RESET)
    __Vectors_End                            0x08000188   Data           0  startup_stm32f40_41xxx.o(RESET)
    __main                                   0x08000189   Thumb Code     8  __main.o(!!!main)
    __scatterload                            0x08000191   Thumb Code     0  __scatter.o(!!!scatter)
    __scatterload_rt2                        0x08000191   Thumb Code    44  __scatter.o(!!!scatter)
    __scatterload_rt2_thumb_only             0x08000191   Thumb Code     0  __scatter.o(!!!scatter)
    __scatterload_null                       0x0800019f   Thumb Code     0  __scatter.o(!!!scatter)
    __scatterload_copy                       0x080001c5   Thumb Code    26  __scatter_copy.o(!!handler_copy)
    __scatterload_zeroinit                   0x080001e1   Thumb Code    28  __scatter_zi.o(!!handler_zi)
    __rt_lib_init                            0x080001fd   Thumb Code     0  libinit.o(.ARM.Collect$$libinit$$00000000)
    __rt_lib_init_fp_1                       0x080001ff   Thumb Code     0  libinit2.o(.ARM.Collect$$libinit$$00000001)
    __rt_lib_init_alloca_1                   0x08000203   Thumb Code     0  libinit2.o(.ARM.Collect$$libinit$$0000002E)
    __rt_lib_init_argv_1                     0x08000203   Thumb Code     0  libinit2.o(.ARM.Collect$$libinit$$0000002C)
    __rt_lib_init_atexit_1                   0x08000203   Thumb Code     0  libinit2.o(.ARM.Collect$$libinit$$0000001B)
    __rt_lib_init_clock_1                    0x08000203   Thumb Code     0  libinit2.o(.ARM.Collect$$libinit$$00000021)
    __rt_lib_init_cpp_1                      0x08000203   Thumb Code     0  libinit2.o(.ARM.Collect$$libinit$$00000032)
    __rt_lib_init_exceptions_1               0x08000203   Thumb Code     0  libinit2.o(.ARM.Collect$$libinit$$00000030)
    __rt_lib_init_fp_trap_1                  0x08000203   Thumb Code     0  libinit2.o(.ARM.Collect$$libinit$$0000001F)
    __rt_lib_init_getenv_1                   0x08000203   Thumb Code     0  libinit2.o(.ARM.Collect$$libinit$$00000023)
    __rt_lib_init_heap_1                     0x08000203   Thumb Code     0  libinit2.o(.ARM.Collect$$libinit$$0000000A)
    __rt_lib_init_lc_collate_1               0x08000203   Thumb Code     0  libinit2.o(.ARM.Collect$$libinit$$00000011)
    __rt_lib_init_lc_ctype_1                 0x08000203   Thumb Code     0  libinit2.o(.ARM.Collect$$libinit$$00000013)
    __rt_lib_init_lc_monetary_1              0x08000203   Thumb Code     0  libinit2.o(.ARM.Collect$$libinit$$00000015)
    __rt_lib_init_lc_numeric_1               0x08000203   Thumb Code     0  libinit2.o(.ARM.Collect$$libinit$$00000017)
    __rt_lib_init_lc_time_1                  0x08000203   Thumb Code     0  libinit2.o(.ARM.Collect$$libinit$$00000019)
    __rt_lib_init_preinit_1                  0x08000203   Thumb Code     0  libinit2.o(.ARM.Collect$$libinit$$00000004)
    __rt_lib_init_rand_1                     0x08000203   Thumb Code     0  libinit2.o(.ARM.Collect$$libinit$$0000000E)
    __rt_lib_init_return                     0x08000203   Thumb Code     0  libinit2.o(.ARM.Collect$$libinit$$00000033)
    __rt_lib_init_signal_1                   0x08000203   Thumb Code     0  libinit2.o(.ARM.Collect$$libinit$$0000001D)
    __rt_lib_init_stdio_1                    0x08000203   Thumb Code     0  libinit2.o(.ARM.Collect$$libinit$$00000025)
    __rt_lib_init_user_alloc_1               0x08000203   Thumb Code     0  libinit2.o(.ARM.Collect$$libinit$$0000000C)
    __rt_lib_shutdown                        0x08000205   Thumb Code     0  libshutdown.o(.ARM.Collect$$libshutdown$$00000000)
    __rt_lib_shutdown_fp_trap_1              0x08000207   Thumb Code     0  libshutdown2.o(.ARM.Collect$$libshutdown$$00000006)
    __rt_lib_shutdown_heap_1                 0x08000207   Thumb Code     0  libshutdown2.o(.ARM.Collect$$libshutdown$$0000000E)
    __rt_lib_shutdown_return                 0x08000207   Thumb Code     0  libshutdown2.o(.ARM.Collect$$libshutdown$$0000000F)
    __rt_lib_shutdown_signal_1               0x08000207   Thumb Code     0  libshutdown2.o(.ARM.Collect$$libshutdown$$00000009)
    __rt_lib_shutdown_stdio_1                0x08000207   Thumb Code     0  libshutdown2.o(.ARM.Collect$$libshutdown$$00000003)
    __rt_lib_shutdown_user_alloc_1           0x08000207   Thumb Code     0  libshutdown2.o(.ARM.Collect$$libshutdown$$0000000B)
    __rt_entry                               0x08000209   Thumb Code     0  __rtentry.o(.ARM.Collect$$rtentry$$00000000)
    __rt_entry_presh_1                       0x08000209   Thumb Code     0  __rtentry2.o(.ARM.Collect$$rtentry$$00000002)
    __rt_entry_sh                            0x08000209   Thumb Code     0  __rtentry4.o(.ARM.Collect$$rtentry$$00000004)
    __rt_entry_li                            0x0800020f   Thumb Code     0  __rtentry2.o(.ARM.Collect$$rtentry$$0000000A)
    __rt_entry_postsh_1                      0x0800020f   Thumb Code     0  __rtentry2.o(.ARM.Collect$$rtentry$$00000009)
    __rt_entry_main                          0x08000213   Thumb Code     0  __rtentry2.o(.ARM.Collect$$rtentry$$0000000D)
    __rt_entry_postli_1                      0x08000213   Thumb Code     0  __rtentry2.o(.ARM.Collect$$rtentry$$0000000C)
    __rt_exit                                0x0800021b   Thumb Code     0  rtexit.o(.ARM.Collect$$rtexit$$00000000)
    __rt_exit_ls                             0x0800021d   Thumb Code     0  rtexit2.o(.ARM.Collect$$rtexit$$00000003)
    __rt_exit_prels_1                        0x0800021d   Thumb Code     0  rtexit2.o(.ARM.Collect$$rtexit$$00000002)
    __rt_exit_exit                           0x08000221   Thumb Code     0  rtexit2.o(.ARM.Collect$$rtexit$$00000004)
    Reset_Handler                            0x08000229   Thumb Code     8  startup_stm32f40_41xxx.o(.text)
    ADC_IRQHandler                           0x08000243   Thumb Code     0  startup_stm32f40_41xxx.o(.text)
    CAN1_RX0_IRQHandler                      0x08000243   Thumb Code     0  startup_stm32f40_41xxx.o(.text)
    CAN1_RX1_IRQHandler                      0x08000243   Thumb Code     0  startup_stm32f40_41xxx.o(.text)
    CAN1_SCE_IRQHandler                      0x08000243   Thumb Code     0  startup_stm32f40_41xxx.o(.text)
    CAN1_TX_IRQHandler                       0x08000243   Thumb Code     0  startup_stm32f40_41xxx.o(.text)
    CAN2_RX0_IRQHandler                      0x08000243   Thumb Code     0  startup_stm32f40_41xxx.o(.text)
    CAN2_RX1_IRQHandler                      0x08000243   Thumb Code     0  startup_stm32f40_41xxx.o(.text)
    CAN2_SCE_IRQHandler                      0x08000243   Thumb Code     0  startup_stm32f40_41xxx.o(.text)
    CAN2_TX_IRQHandler                       0x08000243   Thumb Code     0  startup_stm32f40_41xxx.o(.text)
    CRYP_IRQHandler                          0x08000243   Thumb Code     0  startup_stm32f40_41xxx.o(.text)
    DCMI_IRQHandler                          0x08000243   Thumb Code     0  startup_stm32f40_41xxx.o(.text)
    DMA1_Stream0_IRQHandler                  0x08000243   Thumb Code     0  startup_stm32f40_41xxx.o(.text)
    DMA1_Stream1_IRQHandler                  0x08000243   Thumb Code     0  startup_stm32f40_41xxx.o(.text)
    DMA1_Stream2_IRQHandler                  0x08000243   Thumb Code     0  startup_stm32f40_41xxx.o(.text)
    DMA1_Stream3_IRQHandler                  0x08000243   Thumb Code     0  startup_stm32f40_41xxx.o(.text)
    DMA1_Stream4_IRQHandler                  0x08000243   Thumb Code     0  startup_stm32f40_41xxx.o(.text)
    DMA1_Stream5_IRQHandler                  0x08000243   Thumb Code     0  startup_stm32f40_41xxx.o(.text)
    DMA1_Stream6_IRQHandler                  0x08000243   Thumb Code     0  startup_stm32f40_41xxx.o(.text)
    DMA1_Stream7_IRQHandler                  0x08000243   Thumb Code     0  startup_stm32f40_41xxx.o(.text)
    DMA2_Stream0_IRQHandler                  0x08000243   Thumb Code     0  startup_stm32f40_41xxx.o(.text)
    DMA2_Stream1_IRQHandler                  0x08000243   Thumb Code     0  startup_stm32f40_41xxx.o(.text)
    DMA2_Stream2_IRQHandler                  0x08000243   Thumb Code     0  startup_stm32f40_41xxx.o(.text)
    DMA2_Stream3_IRQHandler                  0x08000243   Thumb Code     0  startup_stm32f40_41xxx.o(.text)
    DMA2_Stream4_IRQHandler                  0x08000243   Thumb Code     0  startup_stm32f40_41xxx.o(.text)
    DMA2_Stream5_IRQHandler                  0x08000243   Thumb Code     0  startup_stm32f40_41xxx.o(.text)
    DMA2_Stream6_IRQHandler                  0x08000243   Thumb Code     0  startup_stm32f40_41xxx.o(.text)
    DMA2_Stream7_IRQHandler                  0x08000243   Thumb Code     0  startup_stm32f40_41xxx.o(.text)
    ETH_IRQHandler                           0x08000243   Thumb Code     0  startup_stm32f40_41xxx.o(.text)
    ETH_WKUP_IRQHandler                      0x08000243   Thumb Code     0  startup_stm32f40_41xxx.o(.text)
    EXTI0_IRQHandler                         0x08000243   Thumb Code     0  startup_stm32f40_41xxx.o(.text)
    EXTI15_10_IRQHandler                     0x08000243   Thumb Code     0  startup_stm32f40_41xxx.o(.text)
    EXTI1_IRQHandler                         0x08000243   Thumb Code     0  startup_stm32f40_41xxx.o(.text)
    EXTI2_IRQHandler                         0x08000243   Thumb Code     0  startup_stm32f40_41xxx.o(.text)
    EXTI3_IRQHandler                         0x08000243   Thumb Code     0  startup_stm32f40_41xxx.o(.text)
    EXTI4_IRQHandler                         0x08000243   Thumb Code     0  startup_stm32f40_41xxx.o(.text)
    EXTI9_5_IRQHandler                       0x08000243   Thumb Code     0  startup_stm32f40_41xxx.o(.text)
    FLASH_IRQHandler                         0x08000243   Thumb Code     0  startup_stm32f40_41xxx.o(.text)
    FPU_IRQHandler                           0x08000243   Thumb Code     0  startup_stm32f40_41xxx.o(.text)
    FSMC_IRQHandler                          0x08000243   Thumb Code     0  startup_stm32f40_41xxx.o(.text)
    HASH_RNG_IRQHandler                      0x08000243   Thumb Code     0  startup_stm32f40_41xxx.o(.text)
    I2C1_ER_IRQHandler                       0x08000243   Thumb Code     0  startup_stm32f40_41xxx.o(.text)
    I2C1_EV_IRQHandler                       0x08000243   Thumb Code     0  startup_stm32f40_41xxx.o(.text)
    I2C2_ER_IRQHandler                       0x08000243   Thumb Code     0  startup_stm32f40_41xxx.o(.text)
    I2C2_EV_IRQHandler                       0x08000243   Thumb Code     0  startup_stm32f40_41xxx.o(.text)
    I2C3_ER_IRQHandler                       0x08000243   Thumb Code     0  startup_stm32f40_41xxx.o(.text)
    I2C3_EV_IRQHandler                       0x08000243   Thumb Code     0  startup_stm32f40_41xxx.o(.text)
    OTG_FS_IRQHandler                        0x08000243   Thumb Code     0  startup_stm32f40_41xxx.o(.text)
    OTG_FS_WKUP_IRQHandler                   0x08000243   Thumb Code     0  startup_stm32f40_41xxx.o(.text)
    OTG_HS_EP1_IN_IRQHandler                 0x08000243   Thumb Code     0  startup_stm32f40_41xxx.o(.text)
    OTG_HS_EP1_OUT_IRQHandler                0x08000243   Thumb Code     0  startup_stm32f40_41xxx.o(.text)
    OTG_HS_IRQHandler                        0x08000243   Thumb Code     0  startup_stm32f40_41xxx.o(.text)
    OTG_HS_WKUP_IRQHandler                   0x08000243   Thumb Code     0  startup_stm32f40_41xxx.o(.text)
    PVD_IRQHandler                           0x08000243   Thumb Code     0  startup_stm32f40_41xxx.o(.text)
    RCC_IRQHandler                           0x08000243   Thumb Code     0  startup_stm32f40_41xxx.o(.text)
    RTC_Alarm_IRQHandler                     0x08000243   Thumb Code     0  startup_stm32f40_41xxx.o(.text)
    RTC_WKUP_IRQHandler                      0x08000243   Thumb Code     0  startup_stm32f40_41xxx.o(.text)
    SDIO_IRQHandler                          0x08000243   Thumb Code     0  startup_stm32f40_41xxx.o(.text)
    SPI1_IRQHandler                          0x08000243   Thumb Code     0  startup_stm32f40_41xxx.o(.text)
    SPI2_IRQHandler                          0x08000243   Thumb Code     0  startup_stm32f40_41xxx.o(.text)
    SPI3_IRQHandler                          0x08000243   Thumb Code     0  startup_stm32f40_41xxx.o(.text)
    TAMP_STAMP_IRQHandler                    0x08000243   Thumb Code     0  startup_stm32f40_41xxx.o(.text)
    TIM1_BRK_TIM9_IRQHandler                 0x08000243   Thumb Code     0  startup_stm32f40_41xxx.o(.text)
    TIM1_CC_IRQHandler                       0x08000243   Thumb Code     0  startup_stm32f40_41xxx.o(.text)
    TIM1_TRG_COM_TIM11_IRQHandler            0x08000243   Thumb Code     0  startup_stm32f40_41xxx.o(.text)
    TIM1_UP_TIM10_IRQHandler                 0x08000243   Thumb Code     0  startup_stm32f40_41xxx.o(.text)
    TIM2_IRQHandler                          0x08000243   Thumb Code     0  startup_stm32f40_41xxx.o(.text)
    TIM3_IRQHandler                          0x08000243   Thumb Code     0  startup_stm32f40_41xxx.o(.text)
    TIM4_IRQHandler                          0x08000243   Thumb Code     0  startup_stm32f40_41xxx.o(.text)
    TIM5_IRQHandler                          0x08000243   Thumb Code     0  startup_stm32f40_41xxx.o(.text)
    TIM6_DAC_IRQHandler                      0x08000243   Thumb Code     0  startup_stm32f40_41xxx.o(.text)
    TIM8_BRK_TIM12_IRQHandler                0x08000243   Thumb Code     0  startup_stm32f40_41xxx.o(.text)
    TIM8_CC_IRQHandler                       0x08000243   Thumb Code     0  startup_stm32f40_41xxx.o(.text)
    TIM8_TRG_COM_TIM14_IRQHandler            0x08000243   Thumb Code     0  startup_stm32f40_41xxx.o(.text)
    TIM8_UP_TIM13_IRQHandler                 0x08000243   Thumb Code     0  startup_stm32f40_41xxx.o(.text)
    UART4_IRQHandler                         0x08000243   Thumb Code     0  startup_stm32f40_41xxx.o(.text)
    UART5_IRQHandler                         0x08000243   Thumb Code     0  startup_stm32f40_41xxx.o(.text)
    USART2_IRQHandler                        0x08000243   Thumb Code     0  startup_stm32f40_41xxx.o(.text)
    USART3_IRQHandler                        0x08000243   Thumb Code     0  startup_stm32f40_41xxx.o(.text)
    USART6_IRQHandler                        0x08000243   Thumb Code     0  startup_stm32f40_41xxx.o(.text)
    WWDG_IRQHandler                          0x08000243   Thumb Code     0  startup_stm32f40_41xxx.o(.text)
    __user_initial_stackheap                 0x08000245   Thumb Code     0  startup_stm32f40_41xxx.o(.text)
    __aeabi_memclr                           0x08000269   Thumb Code     0  rt_memclr.o(.text)
    __rt_memclr                              0x08000269   Thumb Code    68  rt_memclr.o(.text)
    _memset                                  0x0800026d   Thumb Code     0  rt_memclr.o(.text)
    __aeabi_memclr4                          0x080002ad   Thumb Code     0  rt_memclr_w.o(.text)
    __aeabi_memclr8                          0x080002ad   Thumb Code     0  rt_memclr_w.o(.text)
    __rt_memclr_w                            0x080002ad   Thumb Code    78  rt_memclr_w.o(.text)
    _memset_w                                0x080002b1   Thumb Code     0  rt_memclr_w.o(.text)
    __use_two_region_memory                  0x080002fb   Thumb Code     2  heapauxi.o(.text)
    __rt_heap_escrow$2region                 0x080002fd   Thumb Code     2  heapauxi.o(.text)
    __rt_heap_expand$2region                 0x080002ff   Thumb Code     2  heapauxi.o(.text)
    __user_setup_stackheap                   0x08000301   Thumb Code    74  sys_stackheap_outer.o(.text)
    exit                                     0x0800034b   Thumb Code    12  exit.o(.text)
    __user_libspace                          0x08000359   Thumb Code     8  libspace.o(.text)
    __user_perproc_libspace                  0x08000359   Thumb Code     0  libspace.o(.text)
    __user_perthread_libspace                0x08000359   Thumb Code     0  libspace.o(.text)
    ADC_Cmd                                  0x08000361   Thumb Code    22  stm32f4xx_adc.o(i.ADC_Cmd)
    ADC_CommonInit                           0x08000379   Thumb Code    34  stm32f4xx_adc.o(i.ADC_CommonInit)
    ADC_GetConversionValue                   0x080003a9   Thumb Code     8  stm32f4xx_adc.o(i.ADC_GetConversionValue)
    ADC_GetFlagStatus                        0x080003b1   Thumb Code    18  stm32f4xx_adc.o(i.ADC_GetFlagStatus)
    ADC_Init                                 0x080003c5   Thumb Code    74  stm32f4xx_adc.o(i.ADC_Init)
    ADC_RegularChannelConfig                 0x08000419   Thumb Code   184  stm32f4xx_adc.o(i.ADC_RegularChannelConfig)
    ADC_SoftwareStartConv                    0x080004d1   Thumb Code    10  stm32f4xx_adc.o(i.ADC_SoftwareStartConv)
    BaseBoard_TIM7_Init                      0x080004dd   Thumb Code    88  huanyu_time.o(i.BaseBoard_TIM7_Init)
    BusFault_Handler                         0x08000539   Thumb Code     4  stm32f4xx_it.o(i.BusFault_Handler)
    DebugMon_Handler                         0x0800053d   Thumb Code     2  stm32f4xx_it.o(i.DebugMon_Handler)
    GPIO_Init                                0x0800053f   Thumb Code   144  stm32f4xx_gpio.o(i.GPIO_Init)
    GPIO_PinAFConfig                         0x080005cf   Thumb Code    70  stm32f4xx_gpio.o(i.GPIO_PinAFConfig)
    HardFault_Handler                        0x08000615   Thumb Code     4  stm32f4xx_it.o(i.HardFault_Handler)
    HuanyuMoto_PWM_Init                      0x08000619   Thumb Code   322  huanyu_moto.o(i.HuanyuMoto_PWM_Init)
    Huanyu_BAT_Show                          0x08000765   Thumb Code   290  huanyu_led.o(i.Huanyu_BAT_Show)
    Huanyu_BEEP_init                         0x080008a5   Thumb Code    50  huanyu_led.o(i.Huanyu_BEEP_init)
    Huanyu_Charge_configure                  0x080008dd   Thumb Code   150  huanyu_charge.o(i.Huanyu_Charge_configure)
    Huanyu_Get_Adc                           0x08000981   Thumb Code    44  huanyu_charge.o(i.Huanyu_Get_Adc)
    Huanyu_IIC_Init                          0x080009b1   Thumb Code    62  huanyu_iic.o(i.Huanyu_IIC_Init)
    Huanyu_IWDG_Feed                         0x080009fd   Thumb Code     8  huanyu_iwdg.o(i.Huanyu_IWDG_Feed)
    Huanyu_IWDG_Init                         0x08000a05   Thumb Code    36  huanyu_iwdg.o(i.Huanyu_IWDG_Init)
    Huanyu_LED_init                          0x08000a29   Thumb Code    74  huanyu_led.o(i.Huanyu_LED_init)
    Huanyu_MPU_Init                          0x08000a81   Thumb Code   122  huanyu_mpu6050.o(i.Huanyu_MPU_Init)
    Huanyu_PWM_Output                        0x08000afd   Thumb Code   252  huanyu_moto.o(i.Huanyu_PWM_Output)
    Huanyu_SendTo_UbuntuPC                   0x08000bfd   Thumb Code   156  huanyu_usart.o(i.Huanyu_SendTo_UbuntuPC)
    Huanyu_Usart1_Init                       0x08000cb9   Thumb Code   164  huanyu_usart.o(i.Huanyu_Usart1_Init)
    Huanyu_delay_init                        0x08000d65   Thumb Code    52  huanyu_delay.o(i.Huanyu_delay_init)
    Huanyu_moto_Control_speed                0x08000da1   Thumb Code   420  huanyu_pid.o(i.Huanyu_moto_Control_speed)
    IIC_Ack                                  0x08000f61   Thumb Code    66  huanyu_iic.o(i.IIC_Ack)
    IIC_NAck                                 0x08000fb1   Thumb Code    66  huanyu_iic.o(i.IIC_NAck)
    IIC_Read_Byte                            0x08001001   Thumb Code    94  huanyu_iic.o(i.IIC_Read_Byte)
    IIC_Send_Byte                            0x0800106d   Thumb Code    90  huanyu_iic.o(i.IIC_Send_Byte)
    IIC_Start                                0x080010d5   Thumb Code    64  huanyu_iic.o(i.IIC_Start)
    IIC_Stop                                 0x08001121   Thumb Code    62  huanyu_iic.o(i.IIC_Stop)
    IIC_Wait_Ack                             0x0800116d   Thumb Code    82  huanyu_iic.o(i.IIC_Wait_Ack)
    IWDG_Enable                              0x080011cd   Thumb Code    10  stm32f4xx_iwdg.o(i.IWDG_Enable)
    IWDG_ReloadCounter                       0x080011dd   Thumb Code    10  stm32f4xx_iwdg.o(i.IWDG_ReloadCounter)
    IWDG_SetPrescaler                        0x080011ed   Thumb Code     6  stm32f4xx_iwdg.o(i.IWDG_SetPrescaler)
    IWDG_SetReload                           0x080011f9   Thumb Code     6  stm32f4xx_iwdg.o(i.IWDG_SetReload)
    IWDG_WriteAccessCmd                      0x08001205   Thumb Code     6  stm32f4xx_iwdg.o(i.IWDG_WriteAccessCmd)
    Kinematics_Positive                      0x08001211   Thumb Code   130  huanyu_usart.o(i.Kinematics_Positive)
    LeftMoto_Encoder_Input_init              0x080012a1   Thumb Code    96  huanyu_encoder.o(i.LeftMoto_Encoder_Input_init)
    MPU_Get_Accelerometer                    0x08001309   Thumb Code    72  huanyu_mpu6050.o(i.MPU_Get_Accelerometer)
    MPU_Get_Gyroscope                        0x08001351   Thumb Code    72  huanyu_mpu6050.o(i.MPU_Get_Gyroscope)
    MPU_Read_Byte                            0x08001399   Thumb Code    58  huanyu_mpu6050.o(i.MPU_Read_Byte)
    MPU_Read_Len                             0x080013d3   Thumb Code   116  huanyu_mpu6050.o(i.MPU_Read_Len)
    MPU_Set_Accel_Fsr                        0x08001447   Thumb Code    16  huanyu_mpu6050.o(i.MPU_Set_Accel_Fsr)
    MPU_Set_Gyro_Fsr                         0x08001457   Thumb Code    16  huanyu_mpu6050.o(i.MPU_Set_Gyro_Fsr)
    MPU_Set_LPF                              0x08001467   Thumb Code    58  huanyu_mpu6050.o(i.MPU_Set_LPF)
    MPU_Set_Rate                             0x080014a1   Thumb Code    58  huanyu_mpu6050.o(i.MPU_Set_Rate)
    MPU_Write_Byte                           0x080014db   Thumb Code    68  huanyu_mpu6050.o(i.MPU_Write_Byte)
    MemManage_Handler                        0x0800151f   Thumb Code     4  stm32f4xx_it.o(i.MemManage_Handler)
    NMI_Handler                              0x08001523   Thumb Code     2  stm32f4xx_it.o(i.NMI_Handler)
    NVIC_Init                                0x08001525   Thumb Code   106  misc.o(i.NVIC_Init)
    NVIC_PriorityGroupConfig                 0x0800159d   Thumb Code    10  misc.o(i.NVIC_PriorityGroupConfig)
    PendSV_Handler                           0x080015b1   Thumb Code     2  stm32f4xx_it.o(i.PendSV_Handler)
    RCC_AHB1PeriphClockCmd                   0x080015b5   Thumb Code    26  stm32f4xx_rcc.o(i.RCC_AHB1PeriphClockCmd)
    RCC_APB1PeriphClockCmd                   0x080015d5   Thumb Code    26  stm32f4xx_rcc.o(i.RCC_APB1PeriphClockCmd)
    RCC_APB2PeriphClockCmd                   0x080015f5   Thumb Code    26  stm32f4xx_rcc.o(i.RCC_APB2PeriphClockCmd)
    RCC_APB2PeriphResetCmd                   0x08001615   Thumb Code    26  stm32f4xx_rcc.o(i.RCC_APB2PeriphResetCmd)
    RCC_GetClocksFreq                        0x08001635   Thumb Code   214  stm32f4xx_rcc.o(i.RCC_GetClocksFreq)
    RightMoto_Encoder_Input_init             0x0800171d   Thumb Code    96  huanyu_encoder.o(i.RightMoto_Encoder_Input_init)
    Robot_Encoder_Get_CNT                    0x08001785   Thumb Code   122  huanyu_encoder.o(i.Robot_Encoder_Get_CNT)
    Robot_Encoder_Start                      0x0800181d   Thumb Code    14  huanyu_encoder.o(i.Robot_Encoder_Start)
    SVC_Handler                              0x08001835   Thumb Code     2  stm32f4xx_it.o(i.SVC_Handler)
    SysTick_CLKSourceConfig                  0x08001925   Thumb Code    40  misc.o(i.SysTick_CLKSourceConfig)
    SysTick_Handler                          0x0800194d   Thumb Code     2  stm32f4xx_it.o(i.SysTick_Handler)
    SystemInit                               0x08001951   Thumb Code    88  system_stm32f4xx.o(i.SystemInit)
    TIM7_IRQHandler                          0x080019b9   Thumb Code   142  huanyu_time.o(i.TIM7_IRQHandler)
    TIM_ARRPreloadConfig                     0x08001a69   Thumb Code    24  stm32f4xx_tim.o(i.TIM_ARRPreloadConfig)
    TIM_BDTRConfig                           0x08001a81   Thumb Code    32  stm32f4xx_tim.o(i.TIM_BDTRConfig)
    TIM_ClearITPendingBit                    0x08001aa1   Thumb Code     6  stm32f4xx_tim.o(i.TIM_ClearITPendingBit)
    TIM_Cmd                                  0x08001aa7   Thumb Code    24  stm32f4xx_tim.o(i.TIM_Cmd)
    TIM_CtrlPWMOutputs                       0x08001abf   Thumb Code    30  stm32f4xx_tim.o(i.TIM_CtrlPWMOutputs)
    TIM_EncoderInterfaceConfig               0x08001add   Thumb Code    66  stm32f4xx_tim.o(i.TIM_EncoderInterfaceConfig)
    TIM_GetITStatus                          0x08001b1f   Thumb Code    34  stm32f4xx_tim.o(i.TIM_GetITStatus)
    TIM_ITConfig                             0x08001b41   Thumb Code    18  stm32f4xx_tim.o(i.TIM_ITConfig)
    TIM_OC1Init                              0x08001b55   Thumb Code   114  stm32f4xx_tim.o(i.TIM_OC1Init)
    TIM_OC1PreloadConfig                     0x08001bd1   Thumb Code    18  stm32f4xx_tim.o(i.TIM_OC1PreloadConfig)
    TIM_OC2Init                              0x08001be5   Thumb Code   154  stm32f4xx_tim.o(i.TIM_OC2Init)
    TIM_OC2PreloadConfig                     0x08001c89   Thumb Code    26  stm32f4xx_tim.o(i.TIM_OC2PreloadConfig)
    TIM_OC3Init                              0x08001ca5   Thumb Code   150  stm32f4xx_tim.o(i.TIM_OC3Init)
    TIM_OC3PreloadConfig                     0x08001d45   Thumb Code    18  stm32f4xx_tim.o(i.TIM_OC3PreloadConfig)
    TIM_OC4Init                              0x08001d59   Thumb Code   112  stm32f4xx_tim.o(i.TIM_OC4Init)
    TIM_OC4PreloadConfig                     0x08001dd1   Thumb Code    26  stm32f4xx_tim.o(i.TIM_OC4PreloadConfig)
    TIM_SetCompare1                          0x08001deb   Thumb Code     4  stm32f4xx_tim.o(i.TIM_SetCompare1)
    TIM_SetCompare2                          0x08001def   Thumb Code     4  stm32f4xx_tim.o(i.TIM_SetCompare2)
    TIM_SetCompare3                          0x08001df3   Thumb Code     4  stm32f4xx_tim.o(i.TIM_SetCompare3)
    TIM_SetCompare4                          0x08001df7   Thumb Code     4  stm32f4xx_tim.o(i.TIM_SetCompare4)
    TIM_TimeBaseInit                         0x08001dfd   Thumb Code   104  stm32f4xx_tim.o(i.TIM_TimeBaseInit)
    USART1_IRQHandler                        0x08001e81   Thumb Code   110  huanyu_usart.o(i.USART1_IRQHandler)
    USART1_SendChar                          0x08001efd   Thumb Code    28  huanyu_usart.o(i.USART1_SendChar)
    USART_Cmd                                0x08001f1d   Thumb Code    24  stm32f4xx_usart.o(i.USART_Cmd)
    USART_GetFlagStatus                      0x08001f35   Thumb Code    26  stm32f4xx_usart.o(i.USART_GetFlagStatus)
    USART_GetITStatus                        0x08001f4f   Thumb Code    84  stm32f4xx_usart.o(i.USART_GetITStatus)
    USART_ITConfig                           0x08001fa3   Thumb Code    74  stm32f4xx_usart.o(i.USART_ITConfig)
    USART_Init                               0x08001fed   Thumb Code   204  stm32f4xx_usart.o(i.USART_Init)
    USART_ReceiveData                        0x080020c1   Thumb Code    10  stm32f4xx_usart.o(i.USART_ReceiveData)
    USART_SendData                           0x080020cb   Thumb Code     8  stm32f4xx_usart.o(i.USART_SendData)
    UsageFault_Handler                       0x080020d3   Thumb Code     4  stm32f4xx_it.o(i.UsageFault_Handler)
    __hardfp_fabs                            0x080020d7   Thumb Code    20  fabs.o(i.__hardfp_fabs)
    _sys_exit                                0x080020eb   Thumb Code     4  huanyu_usart.o(i._sys_exit)
    delay_ms                                 0x080020ef   Thumb Code    56  huanyu_delay.o(i.delay_ms)
    delay_us                                 0x08002129   Thumb Code    72  huanyu_delay.o(i.delay_us)
    delay_xms                                0x08002175   Thumb Code    72  huanyu_delay.o(i.delay_xms)
    main                                     0x080021c1   Thumb Code   218  main.o(i.main)
    __aeabi_d2uiz                            0x080022b5   Thumb Code     0  dfixu.o(x$fpl$dfixu)
    _dfixu                                   0x080022b5   Thumb Code    90  dfixu.o(x$fpl$dfixu)
    __aeabi_i2d                              0x0800230f   Thumb Code     0  dflt_clz.o(x$fpl$dflt)
    _dflt                                    0x0800230f   Thumb Code    46  dflt_clz.o(x$fpl$dflt)
    __fpl_dnaninf                            0x0800233d   Thumb Code   156  dnaninf.o(x$fpl$dnaninf)
    _fp_init                                 0x080023d9   Thumb Code    10  fpinit.o(x$fpl$fpinit)
    __fplib_config_fpu_vfp                   0x080023e1   Thumb Code     0  fpinit.o(x$fpl$fpinit)
    __fplib_config_pureend_doubles           0x080023e1   Thumb Code     0  fpinit.o(x$fpl$fpinit)
    __I$use$fp                               0x080023e2   Number         0  usenofp.o(x$fpl$usenofp)
    Region$$Table$$Base                      0x080023e4   Number         0  anon$$obj.o(Region$$Table)
    Region$$Table$$Limit                     0x08002404   Number         0  anon$$obj.o(Region$$Table)
    Safeware_Count                           0x20000014   Data           4  huanyu_time.o(.data)
    __stdout                                 0x20000018   Data           4  huanyu_usart.o(.data)
    Rcount                                   0x2000001c   Data           1  huanyu_usart.o(.data)
    Send_Data                                0x20000020   Data          33  huanyu_usart.o(.bss)
    Recive_Data                              0x20000041   Data          33  huanyu_usart.o(.bss)
    send_data                                0x20000064   Data          16  huanyu_usart.o(.bss)
    Left_moto                                0x20000074   Data          24  huanyu_moto.o(.bss)
    Right_moto                               0x2000008c   Data          24  huanyu_moto.o(.bss)
    __libspace_start                         0x200000a4   Data          96  libspace.o(.bss)
    __temporary_stack_top$libspace           0x20000104   Data           0  libspace.o(.bss)



==============================================================================

Memory Map of the image

  Image Entry point : 0x08000189

  Load Region LR_IROM1 (Base: 0x08000000, Size: 0x00002424, Max: 0x00100000, ABSOLUTE)

    Execution Region ER_IROM1 (Base: 0x08000000, Size: 0x00002404, Max: 0x00100000, ABSOLUTE)

    Base Addr    Size         Type   Attr      Idx    E Section Name        Object

    0x08000000   0x00000188   Data   RO            3    RESET               startup_stm32f40_41xxx.o
    0x08000188   0x00000008   Code   RO         3167  * !!!main             c_w.l(__main.o)
    0x08000190   0x00000034   Code   RO         3356    !!!scatter          c_w.l(__scatter.o)
    0x080001c4   0x0000001a   Code   RO         3358    !!handler_copy      c_w.l(__scatter_copy.o)
    0x080001de   0x00000002   PAD
    0x080001e0   0x0000001c   Code   RO         3360    !!handler_zi        c_w.l(__scatter_zi.o)
    0x080001fc   0x00000002   Code   RO         3229    .ARM.Collect$$libinit$$00000000  c_w.l(libinit.o)
    0x080001fe   0x00000004   Code   RO         3235    .ARM.Collect$$libinit$$00000001  c_w.l(libinit2.o)
    0x08000202   0x00000000   Code   RO         3238    .ARM.Collect$$libinit$$00000004  c_w.l(libinit2.o)
    0x08000202   0x00000000   Code   RO         3241    .ARM.Collect$$libinit$$0000000A  c_w.l(libinit2.o)
    0x08000202   0x00000000   Code   RO         3243    .ARM.Collect$$libinit$$0000000C  c_w.l(libinit2.o)
    0x08000202   0x00000000   Code   RO         3245    .ARM.Collect$$libinit$$0000000E  c_w.l(libinit2.o)
    0x08000202   0x00000000   Code   RO         3248    .ARM.Collect$$libinit$$00000011  c_w.l(libinit2.o)
    0x08000202   0x00000000   Code   RO         3250    .ARM.Collect$$libinit$$00000013  c_w.l(libinit2.o)
    0x08000202   0x00000000   Code   RO         3252    .ARM.Collect$$libinit$$00000015  c_w.l(libinit2.o)
    0x08000202   0x00000000   Code   RO         3254    .ARM.Collect$$libinit$$00000017  c_w.l(libinit2.o)
    0x08000202   0x00000000   Code   RO         3256    .ARM.Collect$$libinit$$00000019  c_w.l(libinit2.o)
    0x08000202   0x00000000   Code   RO         3258    .ARM.Collect$$libinit$$0000001B  c_w.l(libinit2.o)
    0x08000202   0x00000000   Code   RO         3260    .ARM.Collect$$libinit$$0000001D  c_w.l(libinit2.o)
    0x08000202   0x00000000   Code   RO         3262    .ARM.Collect$$libinit$$0000001F  c_w.l(libinit2.o)
    0x08000202   0x00000000   Code   RO         3264    .ARM.Collect$$libinit$$00000021  c_w.l(libinit2.o)
    0x08000202   0x00000000   Code   RO         3266    .ARM.Collect$$libinit$$00000023  c_w.l(libinit2.o)
    0x08000202   0x00000000   Code   RO         3268    .ARM.Collect$$libinit$$00000025  c_w.l(libinit2.o)
    0x08000202   0x00000000   Code   RO         3272    .ARM.Collect$$libinit$$0000002C  c_w.l(libinit2.o)
    0x08000202   0x00000000   Code   RO         3274    .ARM.Collect$$libinit$$0000002E  c_w.l(libinit2.o)
    0x08000202   0x00000000   Code   RO         3276    .ARM.Collect$$libinit$$00000030  c_w.l(libinit2.o)
    0x08000202   0x00000000   Code   RO         3278    .ARM.Collect$$libinit$$00000032  c_w.l(libinit2.o)
    0x08000202   0x00000002   Code   RO         3279    .ARM.Collect$$libinit$$00000033  c_w.l(libinit2.o)
    0x08000204   0x00000002   Code   RO         3297    .ARM.Collect$$libshutdown$$00000000  c_w.l(libshutdown.o)
    0x08000206   0x00000000   Code   RO         3308    .ARM.Collect$$libshutdown$$00000003  c_w.l(libshutdown2.o)
    0x08000206   0x00000000   Code   RO         3311    .ARM.Collect$$libshutdown$$00000006  c_w.l(libshutdown2.o)
    0x08000206   0x00000000   Code   RO         3314    .ARM.Collect$$libshutdown$$00000009  c_w.l(libshutdown2.o)
    0x08000206   0x00000000   Code   RO         3316    .ARM.Collect$$libshutdown$$0000000B  c_w.l(libshutdown2.o)
    0x08000206   0x00000000   Code   RO         3319    .ARM.Collect$$libshutdown$$0000000E  c_w.l(libshutdown2.o)
    0x08000206   0x00000002   Code   RO         3320    .ARM.Collect$$libshutdown$$0000000F  c_w.l(libshutdown2.o)
    0x08000208   0x00000000   Code   RO         3197    .ARM.Collect$$rtentry$$00000000  c_w.l(__rtentry.o)
    0x08000208   0x00000000   Code   RO         3206    .ARM.Collect$$rtentry$$00000002  c_w.l(__rtentry2.o)
    0x08000208   0x00000006   Code   RO         3218    .ARM.Collect$$rtentry$$00000004  c_w.l(__rtentry4.o)
    0x0800020e   0x00000000   Code   RO         3208    .ARM.Collect$$rtentry$$00000009  c_w.l(__rtentry2.o)
    0x0800020e   0x00000004   Code   RO         3209    .ARM.Collect$$rtentry$$0000000A  c_w.l(__rtentry2.o)
    0x08000212   0x00000000   Code   RO         3211    .ARM.Collect$$rtentry$$0000000C  c_w.l(__rtentry2.o)
    0x08000212   0x00000008   Code   RO         3212    .ARM.Collect$$rtentry$$0000000D  c_w.l(__rtentry2.o)
    0x0800021a   0x00000002   Code   RO         3233    .ARM.Collect$$rtexit$$00000000  c_w.l(rtexit.o)
    0x0800021c   0x00000000   Code   RO         3281    .ARM.Collect$$rtexit$$00000002  c_w.l(rtexit2.o)
    0x0800021c   0x00000004   Code   RO         3282    .ARM.Collect$$rtexit$$00000003  c_w.l(rtexit2.o)
    0x08000220   0x00000006   Code   RO         3283    .ARM.Collect$$rtexit$$00000004  c_w.l(rtexit2.o)
    0x08000226   0x00000002   PAD
    0x08000228   0x00000040   Code   RO            4    .text               startup_stm32f40_41xxx.o
    0x08000268   0x00000044   Code   RO         3161    .text               c_w.l(rt_memclr.o)
    0x080002ac   0x0000004e   Code   RO         3163    .text               c_w.l(rt_memclr_w.o)
    0x080002fa   0x00000006   Code   RO         3165    .text               c_w.l(heapauxi.o)
    0x08000300   0x0000004a   Code   RO         3220    .text               c_w.l(sys_stackheap_outer.o)
    0x0800034a   0x0000000c   Code   RO         3222    .text               c_w.l(exit.o)
    0x08000356   0x00000002   PAD
    0x08000358   0x00000008   Code   RO         3230    .text               c_w.l(libspace.o)
    0x08000360   0x00000016   Code   RO         2175    i.ADC_Cmd           stm32f4xx_adc.o
    0x08000376   0x00000002   PAD
    0x08000378   0x00000030   Code   RO         2176    i.ADC_CommonInit    stm32f4xx_adc.o
    0x080003a8   0x00000008   Code   RO         2187    i.ADC_GetConversionValue  stm32f4xx_adc.o
    0x080003b0   0x00000012   Code   RO         2188    i.ADC_GetFlagStatus  stm32f4xx_adc.o
    0x080003c2   0x00000002   PAD
    0x080003c4   0x00000054   Code   RO         2195    i.ADC_Init          stm32f4xx_adc.o
    0x08000418   0x000000b8   Code   RO         2200    i.ADC_RegularChannelConfig  stm32f4xx_adc.o
    0x080004d0   0x0000000a   Code   RO         2202    i.ADC_SoftwareStartConv  stm32f4xx_adc.o
    0x080004da   0x00000002   PAD
    0x080004dc   0x0000005c   Code   RO         2563    i.BaseBoard_TIM7_Init  huanyu_time.o
    0x08000538   0x00000004   Code   RO         3027    i.BusFault_Handler  stm32f4xx_it.o
    0x0800053c   0x00000002   Code   RO         3028    i.DebugMon_Handler  stm32f4xx_it.o
    0x0800053e   0x00000090   Code   RO          308    i.GPIO_Init         stm32f4xx_gpio.o
    0x080005ce   0x00000046   Code   RO          309    i.GPIO_PinAFConfig  stm32f4xx_gpio.o
    0x08000614   0x00000004   Code   RO         3029    i.HardFault_Handler  stm32f4xx_it.o
    0x08000618   0x0000014c   Code   RO         2735    i.HuanyuMoto_PWM_Init  huanyu_moto.o
    0x08000764   0x00000140   Code   RO         2507    i.Huanyu_BAT_Show   huanyu_led.o
    0x080008a4   0x00000038   Code   RO         2508    i.Huanyu_BEEP_init  huanyu_led.o
    0x080008dc   0x000000a4   Code   RO         2948    i.Huanyu_Charge_configure  huanyu_charge.o
    0x08000980   0x00000030   Code   RO         2949    i.Huanyu_Get_Adc    huanyu_charge.o
    0x080009b0   0x0000004c   Code   RO         2790    i.Huanyu_IIC_Init   huanyu_iic.o
    0x080009fc   0x00000008   Code   RO         2974    i.Huanyu_IWDG_Feed  huanyu_iwdg.o
    0x08000a04   0x00000024   Code   RO         2975    i.Huanyu_IWDG_Init  huanyu_iwdg.o
    0x08000a28   0x00000058   Code   RO         2509    i.Huanyu_LED_init   huanyu_led.o
    0x08000a80   0x0000007a   Code   RO         2855    i.Huanyu_MPU_Init   huanyu_mpu6050.o
    0x08000afa   0x00000002   PAD
    0x08000afc   0x00000100   Code   RO         2736    i.Huanyu_PWM_Output  huanyu_moto.o
    0x08000bfc   0x000000bc   Code   RO         2621    i.Huanyu_SendTo_UbuntuPC  huanyu_usart.o
    0x08000cb8   0x000000ac   Code   RO         2622    i.Huanyu_Usart1_Init  huanyu_usart.o
    0x08000d64   0x0000003c   Code   RO         2461    i.Huanyu_delay_init  huanyu_delay.o
    0x08000da0   0x000001c0   Code   RO         2767    i.Huanyu_moto_Control_speed  huanyu_pid.o
    0x08000f60   0x00000050   Code   RO         2791    i.IIC_Ack           huanyu_iic.o
    0x08000fb0   0x00000050   Code   RO         2792    i.IIC_NAck          huanyu_iic.o
    0x08001000   0x0000006c   Code   RO         2793    i.IIC_Read_Byte     huanyu_iic.o
    0x0800106c   0x00000068   Code   RO         2794    i.IIC_Send_Byte     huanyu_iic.o
    0x080010d4   0x0000004c   Code   RO         2795    i.IIC_Start         huanyu_iic.o
    0x08001120   0x0000004c   Code   RO         2796    i.IIC_Stop          huanyu_iic.o
    0x0800116c   0x00000060   Code   RO         2797    i.IIC_Wait_Ack      huanyu_iic.o
    0x080011cc   0x00000010   Code   RO         2411    i.IWDG_Enable       stm32f4xx_iwdg.o
    0x080011dc   0x00000010   Code   RO         2413    i.IWDG_ReloadCounter  stm32f4xx_iwdg.o
    0x080011ec   0x0000000c   Code   RO         2414    i.IWDG_SetPrescaler  stm32f4xx_iwdg.o
    0x080011f8   0x0000000c   Code   RO         2415    i.IWDG_SetReload    stm32f4xx_iwdg.o
    0x08001204   0x0000000c   Code   RO         2416    i.IWDG_WriteAccessCmd  stm32f4xx_iwdg.o
    0x08001210   0x00000090   Code   RO         2623    i.Kinematics_Positive  huanyu_usart.o
    0x080012a0   0x00000068   Code   RO         2697    i.LeftMoto_Encoder_Input_init  huanyu_encoder.o
    0x08001308   0x00000048   Code   RO         2856    i.MPU_Get_Accelerometer  huanyu_mpu6050.o
    0x08001350   0x00000048   Code   RO         2857    i.MPU_Get_Gyroscope  huanyu_mpu6050.o
    0x08001398   0x0000003a   Code   RO         2859    i.MPU_Read_Byte     huanyu_mpu6050.o
    0x080013d2   0x00000074   Code   RO         2860    i.MPU_Read_Len      huanyu_mpu6050.o
    0x08001446   0x00000010   Code   RO         2861    i.MPU_Set_Accel_Fsr  huanyu_mpu6050.o
    0x08001456   0x00000010   Code   RO         2862    i.MPU_Set_Gyro_Fsr  huanyu_mpu6050.o
    0x08001466   0x0000003a   Code   RO         2863    i.MPU_Set_LPF       huanyu_mpu6050.o
    0x080014a0   0x0000003a   Code   RO         2864    i.MPU_Set_Rate      huanyu_mpu6050.o
    0x080014da   0x00000044   Code   RO         2865    i.MPU_Write_Byte    huanyu_mpu6050.o
    0x0800151e   0x00000004   Code   RO         3030    i.MemManage_Handler  stm32f4xx_it.o
    0x08001522   0x00000002   Code   RO         3031    i.NMI_Handler       stm32f4xx_it.o
    0x08001524   0x00000078   Code   RO         1715    i.NVIC_Init         misc.o
    0x0800159c   0x00000014   Code   RO         1716    i.NVIC_PriorityGroupConfig  misc.o
    0x080015b0   0x00000002   Code   RO         3032    i.PendSV_Handler    stm32f4xx_it.o
    0x080015b2   0x00000002   PAD
    0x080015b4   0x00000020   Code   RO          405    i.RCC_AHB1PeriphClockCmd  stm32f4xx_rcc.o
    0x080015d4   0x00000020   Code   RO          414    i.RCC_APB1PeriphClockCmd  stm32f4xx_rcc.o
    0x080015f4   0x00000020   Code   RO          417    i.RCC_APB2PeriphClockCmd  stm32f4xx_rcc.o
    0x08001614   0x00000020   Code   RO          419    i.RCC_APB2PeriphResetCmd  stm32f4xx_rcc.o
    0x08001634   0x000000e8   Code   RO          426    i.RCC_GetClocksFreq  stm32f4xx_rcc.o
    0x0800171c   0x00000068   Code   RO         2698    i.RightMoto_Encoder_Input_init  huanyu_encoder.o
    0x08001784   0x00000098   Code   RO         2699    i.Robot_Encoder_Get_CNT  huanyu_encoder.o
    0x0800181c   0x00000018   Code   RO         2700    i.Robot_Encoder_Start  huanyu_encoder.o
    0x08001834   0x00000002   Code   RO         3033    i.SVC_Handler       stm32f4xx_it.o
    0x08001836   0x00000002   PAD
    0x08001838   0x000000ec   Code   RO         3124    i.SetSysClock       system_stm32f4xx.o
    0x08001924   0x00000028   Code   RO         1719    i.SysTick_CLKSourceConfig  misc.o
    0x0800194c   0x00000002   Code   RO         3034    i.SysTick_Handler   stm32f4xx_it.o
    0x0800194e   0x00000002   PAD
    0x08001950   0x00000068   Code   RO         3126    i.SystemInit        system_stm32f4xx.o
    0x080019b8   0x000000b0   Code   RO         2564    i.TIM7_IRQHandler   huanyu_time.o
    0x08001a68   0x00000018   Code   RO          907    i.TIM_ARRPreloadConfig  stm32f4xx_tim.o
    0x08001a80   0x00000020   Code   RO          908    i.TIM_BDTRConfig    stm32f4xx_tim.o
    0x08001aa0   0x00000006   Code   RO          914    i.TIM_ClearITPendingBit  stm32f4xx_tim.o
    0x08001aa6   0x00000018   Code   RO          919    i.TIM_Cmd           stm32f4xx_tim.o
    0x08001abe   0x0000001e   Code   RO          921    i.TIM_CtrlPWMOutputs  stm32f4xx_tim.o
    0x08001adc   0x00000042   Code   RO          928    i.TIM_EncoderInterfaceConfig  stm32f4xx_tim.o
    0x08001b1e   0x00000022   Code   RO          940    i.TIM_GetITStatus   stm32f4xx_tim.o
    0x08001b40   0x00000012   Code   RO          944    i.TIM_ITConfig      stm32f4xx_tim.o
    0x08001b52   0x00000002   PAD
    0x08001b54   0x0000007c   Code   RO          948    i.TIM_OC1Init       stm32f4xx_tim.o
    0x08001bd0   0x00000012   Code   RO          951    i.TIM_OC1PreloadConfig  stm32f4xx_tim.o
    0x08001be2   0x00000002   PAD
    0x08001be4   0x000000a4   Code   RO          953    i.TIM_OC2Init       stm32f4xx_tim.o
    0x08001c88   0x0000001a   Code   RO          956    i.TIM_OC2PreloadConfig  stm32f4xx_tim.o
    0x08001ca2   0x00000002   PAD
    0x08001ca4   0x000000a0   Code   RO          958    i.TIM_OC3Init       stm32f4xx_tim.o
    0x08001d44   0x00000012   Code   RO          961    i.TIM_OC3PreloadConfig  stm32f4xx_tim.o
    0x08001d56   0x00000002   PAD
    0x08001d58   0x00000078   Code   RO          963    i.TIM_OC4Init       stm32f4xx_tim.o
    0x08001dd0   0x0000001a   Code   RO          965    i.TIM_OC4PreloadConfig  stm32f4xx_tim.o
    0x08001dea   0x00000004   Code   RO          981    i.TIM_SetCompare1   stm32f4xx_tim.o
    0x08001dee   0x00000004   Code   RO          982    i.TIM_SetCompare2   stm32f4xx_tim.o
    0x08001df2   0x00000004   Code   RO          983    i.TIM_SetCompare3   stm32f4xx_tim.o
    0x08001df6   0x00000004   Code   RO          984    i.TIM_SetCompare4   stm32f4xx_tim.o
    0x08001dfa   0x00000002   PAD
    0x08001dfc   0x00000084   Code   RO          991    i.TIM_TimeBaseInit  stm32f4xx_tim.o
    0x08001e80   0x0000007c   Code   RO         2624    i.USART1_IRQHandler  huanyu_usart.o
    0x08001efc   0x00000020   Code   RO         2625    i.USART1_SendChar   huanyu_usart.o
    0x08001f1c   0x00000018   Code   RO         1469    i.USART_Cmd         stm32f4xx_usart.o
    0x08001f34   0x0000001a   Code   RO         1472    i.USART_GetFlagStatus  stm32f4xx_usart.o
    0x08001f4e   0x00000054   Code   RO         1473    i.USART_GetITStatus  stm32f4xx_usart.o
    0x08001fa2   0x0000004a   Code   RO         1475    i.USART_ITConfig    stm32f4xx_usart.o
    0x08001fec   0x000000d4   Code   RO         1476    i.USART_Init        stm32f4xx_usart.o
    0x080020c0   0x0000000a   Code   RO         1483    i.USART_ReceiveData  stm32f4xx_usart.o
    0x080020ca   0x00000008   Code   RO         1486    i.USART_SendData    stm32f4xx_usart.o
    0x080020d2   0x00000004   Code   RO         3035    i.UsageFault_Handler  stm32f4xx_it.o
    0x080020d6   0x00000014   Code   RO         3191    i.__hardfp_fabs     m_wm.l(fabs.o)
    0x080020ea   0x00000004   Code   RO         2626    i._sys_exit         huanyu_usart.o
    0x080020ee   0x00000038   Code   RO         2462    i.delay_ms          huanyu_delay.o
    0x08002126   0x00000002   PAD
    0x08002128   0x0000004c   Code   RO         2463    i.delay_us          huanyu_delay.o
    0x08002174   0x0000004c   Code   RO         2464    i.delay_xms         huanyu_delay.o
    0x080021c0   0x000000f4   Code   RO         3003    i.main              main.o
    0x080022b4   0x0000005a   Code   RO         3181    x$fpl$dfixu         fz_wm.l(dfixu.o)
    0x0800230e   0x0000002e   Code   RO         3186    x$fpl$dflt          fz_wm.l(dflt_clz.o)
    0x0800233c   0x0000009c   Code   RO         3198    x$fpl$dnaninf       fz_wm.l(dnaninf.o)
    0x080023d8   0x0000000a   Code   RO         3289    x$fpl$fpinit        fz_wm.l(fpinit.o)
    0x080023e2   0x00000000   Code   RO         3204    x$fpl$usenofp       fz_wm.l(usenofp.o)
    0x080023e2   0x00000002   PAD
    0x080023e4   0x00000020   Data   RO         3354    Region$$Table       anon$$obj.o


    Execution Region RW_IRAM1 (Base: 0x20000000, Size: 0x00000708, Max: 0x00020000, ABSOLUTE)

    Base Addr    Size         Type   Attr      Idx    E Section Name        Object

    0x20000000   0x00000010   Data   RW          458    .data               stm32f4xx_rcc.o
    0x20000010   0x00000004   Data   RW         2465    .data               huanyu_delay.o
    0x20000014   0x00000004   Data   RW         2565    .data               huanyu_time.o
    0x20000018   0x00000005   Data   RW         2630    .data               huanyu_usart.o
    0x2000001d   0x00000003   PAD
    0x20000020   0x00000054   Zero   RW         2629    .bss                huanyu_usart.o
    0x20000074   0x00000030   Zero   RW         2737    .bss                huanyu_moto.o
    0x200000a4   0x00000060   Zero   RW         3231    .bss                c_w.l(libspace.o)
    0x20000104   0x00000004   PAD
    0x20000108   0x00000200   Zero   RW            2    HEAP                startup_stm32f40_41xxx.o
    0x20000308   0x00000400   Zero   RW            1    STACK               startup_stm32f40_41xxx.o


==============================================================================

Image component sizes


      Code (inc. data)   RO Data    RW Data    ZI Data      Debug   Object Name

       212         18          0          0          0       1319   huanyu_charge.o
       268         16          0          4          0       2498   huanyu_delay.o
       384         56          0          0          0       2195   huanyu_encoder.o
       696        110          0          0          0       4505   huanyu_iic.o
        44          0          0          0          0       1082   huanyu_iwdg.o
       464         50          0          0          0       1743   huanyu_led.o
       588         14          0          0         48       2561   huanyu_moto.o
       656          0          0          0          0       6894   huanyu_mpu6050.o
       448         28          0          0          0        968   huanyu_pid.o
       268         38          0          4          0       2479   huanyu_time.o
       664         72          0          5         84       6515   huanyu_usart.o
       244         26          0          0          0        543   main.o
       180         24          0          0          0       2009   misc.o
        64         26        392          0       1536        860   startup_stm32f40_41xxx.o
       374         24          0          0          0       5354   stm32f4xx_adc.o
         0          0          0          0          0     295292   stm32f4xx_dma.o
       214          0          0          0          0       1703   stm32f4xx_gpio.o
        26          0          0          0          0       3918   stm32f4xx_it.o
        68         30          0          0          0       2490   stm32f4xx_iwdg.o
       360         42          0         16          0       5088   stm32f4xx_rcc.o
      1038         66          0          0          0      13332   stm32f4xx_tim.o
       438          8          0          0          0       5273   stm32f4xx_usart.o
       340         32          0          0          0       1425   system_stm32f4xx.o

    ----------------------------------------------------------------------
      8064        680        424         32       1668     370046   Object Totals
         0          0         32          0          0          0   (incl. Generated)
        26          0          0          3          0          0   (incl. Padding)

    ----------------------------------------------------------------------

      Code (inc. data)   RO Data    RW Data    ZI Data      Debug   Library Member Name

         8          0          0          0          0         68   __main.o
         0          0          0          0          0          0   __rtentry.o
        12          0          0          0          0          0   __rtentry2.o
         6          0          0          0          0          0   __rtentry4.o
        52          8          0          0          0          0   __scatter.o
        26          0          0          0          0          0   __scatter_copy.o
        28          0          0          0          0          0   __scatter_zi.o
        12          0          0          0          0         72   exit.o
         6          0          0          0          0        152   heapauxi.o
         2          0          0          0          0          0   libinit.o
         6          0          0          0          0          0   libinit2.o
         2          0          0          0          0          0   libshutdown.o
         2          0          0          0          0          0   libshutdown2.o
         8          4          0          0         96         68   libspace.o
        68          0          0          0          0         68   rt_memclr.o
        78          0          0          0          0         80   rt_memclr_w.o
         2          0          0          0          0          0   rtexit.o
        10          0          0          0          0          0   rtexit2.o
        74          0          0          0          0         80   sys_stackheap_outer.o
        90          4          0          0          0        140   dfixu.o
        46          0          0          0          0        116   dflt_clz.o
       156          4          0          0          0        140   dnaninf.o
        10          0          0          0          0        116   fpinit.o
         0          0          0          0          0          0   usenofp.o
        20          0          0          0          0        124   fabs.o

    ----------------------------------------------------------------------
       732         20          0          0        100       1224   Library Totals
         8          0          0          0          4          0   (incl. Padding)

    ----------------------------------------------------------------------

      Code (inc. data)   RO Data    RW Data    ZI Data      Debug   Library Name

       402         12          0          0         96        588   c_w.l
       302          8          0          0          0        512   fz_wm.l
        20          0          0          0          0        124   m_wm.l

    ----------------------------------------------------------------------
       732         20          0          0        100       1224   Library Totals

    ----------------------------------------------------------------------

==============================================================================


      Code (inc. data)   RO Data    RW Data    ZI Data      Debug   

      8796        700        424         32       1768     361014   Grand Totals
      8796        700        424         32       1768     361014   ELF Image Totals
      8796        700        424         32          0          0   ROM Totals

==============================================================================

    Total RO  Size (Code + RO Data)                 9220 (   9.00kB)
    Total RW  Size (RW Data + ZI Data)              1800 (   1.76kB)
    Total ROM Size (Code + RO Data + RW Data)       9252 (   9.04kB)

==============================================================================

